Archive member included to satisfy reference by file (symbol)

C:/ST/STM32CubeCLT_1.18.0/GNU-tools-for-STM32/bin/../lib/gcc/arm-none-eabi/13.3.1/../../../../arm-none-eabi/lib/thumb/v7e-m+fp/hard\libc_nano.a(libc_a-exit.o)
                              C:/ST/STM32CubeCLT_1.18.0/GNU-tools-for-STM32/bin/../lib/gcc/arm-none-eabi/13.3.1/../../../../arm-none-eabi/lib/thumb/v7e-m+fp/hard/crt0.o (exit)
C:/ST/STM32CubeCLT_1.18.0/GNU-tools-for-STM32/bin/../lib/gcc/arm-none-eabi/13.3.1/../../../../arm-none-eabi/lib/thumb/v7e-m+fp/hard\libc_nano.a(libc_a-findfp.o)
                              C:/ST/STM32CubeCLT_1.18.0/GNU-tools-for-STM32/bin/../lib/gcc/arm-none-eabi/13.3.1/../../../../arm-none-eabi/lib/thumb/v7e-m+fp/hard\libc_nano.a(libc_a-exit.o) (__stdio_exit_handler)
C:/ST/STM32CubeCLT_1.18.0/GNU-tools-for-STM32/bin/../lib/gcc/arm-none-eabi/13.3.1/../../../../arm-none-eabi/lib/thumb/v7e-m+fp/hard\libc_nano.a(libc_a-fwalk.o)
                              C:/ST/STM32CubeCLT_1.18.0/GNU-tools-for-STM32/bin/../lib/gcc/arm-none-eabi/13.3.1/../../../../arm-none-eabi/lib/thumb/v7e-m+fp/hard\libc_nano.a(libc_a-findfp.o) (_fwalk_sglue)
C:/ST/STM32CubeCLT_1.18.0/GNU-tools-for-STM32/bin/../lib/gcc/arm-none-eabi/13.3.1/../../../../arm-none-eabi/lib/thumb/v7e-m+fp/hard\libc_nano.a(libc_a-stdio.o)
                              C:/ST/STM32CubeCLT_1.18.0/GNU-tools-for-STM32/bin/../lib/gcc/arm-none-eabi/13.3.1/../../../../arm-none-eabi/lib/thumb/v7e-m+fp/hard\libc_nano.a(libc_a-findfp.o) (__sread)
C:/ST/STM32CubeCLT_1.18.0/GNU-tools-for-STM32/bin/../lib/gcc/arm-none-eabi/13.3.1/../../../../arm-none-eabi/lib/thumb/v7e-m+fp/hard\libc_nano.a(libc_a-memset.o)
                              C:/ST/STM32CubeCLT_1.18.0/GNU-tools-for-STM32/bin/../lib/gcc/arm-none-eabi/13.3.1/../../../../arm-none-eabi/lib/thumb/v7e-m+fp/hard/crt0.o (memset)
C:/ST/STM32CubeCLT_1.18.0/GNU-tools-for-STM32/bin/../lib/gcc/arm-none-eabi/13.3.1/../../../../arm-none-eabi/lib/thumb/v7e-m+fp/hard\libc_nano.a(libc_a-closer.o)
                              C:/ST/STM32CubeCLT_1.18.0/GNU-tools-for-STM32/bin/../lib/gcc/arm-none-eabi/13.3.1/../../../../arm-none-eabi/lib/thumb/v7e-m+fp/hard\libc_nano.a(libc_a-stdio.o) (_close_r)
C:/ST/STM32CubeCLT_1.18.0/GNU-tools-for-STM32/bin/../lib/gcc/arm-none-eabi/13.3.1/../../../../arm-none-eabi/lib/thumb/v7e-m+fp/hard\libc_nano.a(libc_a-reent.o)
                              C:/ST/STM32CubeCLT_1.18.0/GNU-tools-for-STM32/bin/../lib/gcc/arm-none-eabi/13.3.1/../../../../arm-none-eabi/lib/thumb/v7e-m+fp/hard\libc_nano.a(libc_a-closer.o) (errno)
C:/ST/STM32CubeCLT_1.18.0/GNU-tools-for-STM32/bin/../lib/gcc/arm-none-eabi/13.3.1/../../../../arm-none-eabi/lib/thumb/v7e-m+fp/hard\libc_nano.a(libc_a-impure.o)
                              C:/ST/STM32CubeCLT_1.18.0/GNU-tools-for-STM32/bin/../lib/gcc/arm-none-eabi/13.3.1/../../../../arm-none-eabi/lib/thumb/v7e-m+fp/hard\libc_nano.a(libc_a-reent.o) (_impure_ptr)
C:/ST/STM32CubeCLT_1.18.0/GNU-tools-for-STM32/bin/../lib/gcc/arm-none-eabi/13.3.1/../../../../arm-none-eabi/lib/thumb/v7e-m+fp/hard\libc_nano.a(libc_a-lseekr.o)
                              C:/ST/STM32CubeCLT_1.18.0/GNU-tools-for-STM32/bin/../lib/gcc/arm-none-eabi/13.3.1/../../../../arm-none-eabi/lib/thumb/v7e-m+fp/hard\libc_nano.a(libc_a-stdio.o) (_lseek_r)
C:/ST/STM32CubeCLT_1.18.0/GNU-tools-for-STM32/bin/../lib/gcc/arm-none-eabi/13.3.1/../../../../arm-none-eabi/lib/thumb/v7e-m+fp/hard\libc_nano.a(libc_a-readr.o)
                              C:/ST/STM32CubeCLT_1.18.0/GNU-tools-for-STM32/bin/../lib/gcc/arm-none-eabi/13.3.1/../../../../arm-none-eabi/lib/thumb/v7e-m+fp/hard\libc_nano.a(libc_a-stdio.o) (_read_r)
C:/ST/STM32CubeCLT_1.18.0/GNU-tools-for-STM32/bin/../lib/gcc/arm-none-eabi/13.3.1/../../../../arm-none-eabi/lib/thumb/v7e-m+fp/hard\libc_nano.a(libc_a-writer.o)
                              C:/ST/STM32CubeCLT_1.18.0/GNU-tools-for-STM32/bin/../lib/gcc/arm-none-eabi/13.3.1/../../../../arm-none-eabi/lib/thumb/v7e-m+fp/hard\libc_nano.a(libc_a-stdio.o) (_write_r)
C:/ST/STM32CubeCLT_1.18.0/GNU-tools-for-STM32/bin/../lib/gcc/arm-none-eabi/13.3.1/../../../../arm-none-eabi/lib/thumb/v7e-m+fp/hard\libc_nano.a(libc_a-init.o)
                              C:/ST/STM32CubeCLT_1.18.0/GNU-tools-for-STM32/bin/../lib/gcc/arm-none-eabi/13.3.1/../../../../arm-none-eabi/lib/thumb/v7e-m+fp/hard/crt0.o (__libc_init_array)
C:/ST/STM32CubeCLT_1.18.0/GNU-tools-for-STM32/bin/../lib/gcc/arm-none-eabi/13.3.1/../../../../arm-none-eabi/lib/thumb/v7e-m+fp/hard\libc_nano.a(libc_a-lock.o)
                              C:/ST/STM32CubeCLT_1.18.0/GNU-tools-for-STM32/bin/../lib/gcc/arm-none-eabi/13.3.1/../../../../arm-none-eabi/lib/thumb/v7e-m+fp/hard\libc_nano.a(libc_a-findfp.o) (__retarget_lock_init_recursive)
C:/ST/STM32CubeCLT_1.18.0/GNU-tools-for-STM32/bin/../lib/gcc/arm-none-eabi/13.3.1/../../../../arm-none-eabi/lib/thumb/v7e-m+fp/hard\libc_nano.a(libc_a-freer.o)
[...]
Memory Configuration

Name             Origin             Length             Attributes
RAM              0x20000000         0x00020000         xrw
CCMRAM           0x10000000         0x00010000         xrw
FLASH            0x08000000         0x00100000         xr
*default*        0x00000000         0xffffffff

Linker script and memory map

LOAD C:/ST/STM32CubeCLT_1.18.0/GNU-tools-for-STM32/bin/../lib/gcc/arm-none-eabi/13.3.1/thumb/v7e-m+fp/hard/crti.o
LOAD C:/ST/STM32CubeCLT_1.18.0/GNU-tools-for-STM32/bin/../lib/gcc/arm-none-eabi/13.3.1/thumb/v7e-m+fp/hard/crtbegin.o
LOAD C:/ST/STM32CubeCLT_1.18.0/GNU-tools-for-STM32/bin/../lib/gcc/arm-none-eabi/13.3.1/../../../../arm-none-eabi/lib/thumb/v7e-m+fp/hard/crt0.o
START GROUP
LOAD C:/ST/STM32CubeCLT_1.18.0/GNU-tools-for-STM32/bin/../lib/gcc/arm-none-eabi/13.3.1/../../../../arm-none-eabi/lib/thumb/v7e-m+fp/hard\libc_nano.a
LOAD C:/ST/STM32CubeCLT_1.18.0/GNU-tools-for-STM32/bin/../lib/gcc/arm-none-eabi/13.3.1/../../../../arm-none-eabi/lib/thumb/v7e-m+fp/hard\libm.a
END GROUP
LOAD cmake/stm32cubemx/CMakeFiles/STM32_Drivers.dir/__/__/Core/Src/system_stm32f4xx.c.obj
LOAD cmake/stm32cubemx/CMakeFiles/STM32_Drivers.dir/__/__/Drivers/STM32F4xx_HAL_Driver/Src/stm32f4xx_hal_i2c.c.obj
LOAD cmake/stm32cubemx/CMakeFiles/STM32_Drivers.dir/__/__/Drivers/STM32F4xx_HAL_Driver/Src/stm32f4xx_hal_i2c_ex.c.obj
LOAD cmake/stm32cubemx/CMakeFiles/STM32_Drivers.dir/__/__/Drivers/STM32F4xx_HAL_Driver/Src/stm32f4xx_hal_rcc.c.obj
LOAD cmake/stm32cubemx/CMakeFiles/STM32_Drivers.dir/__/__/Drivers/STM32F4xx_HAL_Driver/Src/stm32f4xx_hal_rcc_ex.c.obj
LOAD cmake/stm32cubemx/CMakeFiles/STM32_Drivers.dir/__/__/Drivers/STM32F4xx_HAL_Driver/Src/stm32f4xx_hal_flash.c.obj
LOAD cmake/stm32cubemx/CMakeFiles/STM32_Drivers.dir/__/__/Drivers/STM32F4xx_HAL_Driver/Src/stm32f4xx_hal_flash_ex.c.obj
LOAD cmake/stm32cubemx/CMakeFiles/STM32_Drivers.dir/__/__/Drivers/STM32F4xx_HAL_Driver/Src/stm32f4xx_hal_flash_ramfunc.c.obj
LOAD cmake/stm32cubemx/CMakeFiles/STM32_Drivers.dir/__/__/Drivers/STM32F4xx_HAL_Driver/Src/stm32f4xx_hal_gpio.c.obj
LOAD cmake/stm32cubemx/CMakeFiles/STM32_Drivers.dir/__/__/Drivers/STM32F4xx_HAL_Driver/Src/stm32f4xx_hal_dma_ex.c.obj
LOAD cmake/stm32cubemx/CMakeFiles/STM32_Drivers.dir/__/__/Drivers/STM32F4xx_HAL_Driver/Src/stm32f4xx_hal_dma.c.obj
LOAD cmake/stm32cubemx/CMakeFiles/STM32_Drivers.dir/__/__/Drivers/STM32F4xx_HAL_Driver/Src/stm32f4xx_hal_pwr.c.obj
LOAD cmake/stm32cubemx/CMakeFiles/STM32_Drivers.dir/__/__/Drivers/STM32F4xx_HAL_Driver/Src/stm32f4xx_hal_pwr_ex.c.obj
LOAD cmake/stm32cubemx/CMakeFiles/STM32_Drivers.dir/__/__/Drivers/STM32F4xx_HAL_Driver/Src/stm32f4xx_hal_cortex.c.obj
LOAD cmake/stm32cubemx/CMakeFiles/STM32_Drivers.dir/__/__/Drivers/STM32F4xx_HAL_Driver/Src/stm32f4xx_hal.c.obj
LOAD cmake/stm32cubemx/CMakeFiles/STM32_Drivers.dir/__/__/Drivers/STM32F4xx_HAL_Driver/Src/stm32f4xx_hal_exti.c.obj
LOAD cmake/stm32cubemx/CMakeFiles/STM32_Drivers.dir/__/__/Drivers/STM32F4xx_HAL_Driver/Src/stm32f4xx_hal_tim.c.obj
LOAD cmake/stm32cubemx/CMakeFiles/STM32_Drivers.dir/__/__/Drivers/STM32F4xx_HAL_Driver/Src/stm32f4xx_hal_tim_ex.c.obj
LOAD CMakeFiles/IMU_AHRS.dir/bsp/mpu6050.c.obj
LOAD CMakeFiles/IMU_AHRS.dir/bsp/OLED.c.obj
LOAD CMakeFiles/IMU_AHRS.dir/APP/AHRS.c.obj
LOAD CMakeFiles/IMU_AHRS.dir/bsp/QMC5883.c.obj
LOAD CMakeFiles/IMU_AHRS.dir/APP/quaternion.c.obj
LOAD CMakeFiles/IMU_AHRS.dir/Core/Src/main.c.obj
LOAD CMakeFiles/IMU_AHRS.dir/Core/Src/gpio.c.obj
LOAD CMakeFiles/IMU_AHRS.dir/Core/Src/dma.c.obj
LOAD CMakeFiles/IMU_AHRS.dir/Core/Src/i2c.c.obj
LOAD CMakeFiles/IMU_AHRS.dir/Core/Src/tim.c.obj
LOAD CMakeFiles/IMU_AHRS.dir/Core/Src/stm32f4xx_it.c.obj
LOAD CMakeFiles/IMU_AHRS.dir/Core/Src/stm32f4xx_hal_msp.c.obj
LOAD CMakeFiles/IMU_AHRS.dir/Core/Src/sysmem.c.obj
LOAD CMakeFiles/IMU_AHRS.dir/Core/Src/syscalls.c.obj
LOAD CMakeFiles/IMU_AHRS.dir/startup_stm32f407xx.s.obj
START GROUP
LOAD C:/ST/STM32CubeCLT_1.18.0/GNU-tools-for-STM32/bin/../lib/gcc/arm-none-eabi/13.3.1/thumb/v7e-m+fp/hard\libgcc.a
LOAD C:/ST/STM32CubeCLT_1.18.0/GNU-tools-for-STM32/bin/../lib/gcc/arm-none-eabi/13.3.1/../../../../arm-none-eabi/lib/thumb/v7e-m+fp/hard\libg_nano.a
LOAD C:/ST/STM32CubeCLT_1.18.0/GNU-tools-for-STM32/bin/../lib/gcc/arm-none-eabi/13.3.1/../../../../arm-none-eabi/lib/thumb/v7e-m+fp/hard\libc_nano.a
END GROUP
START GROUP
LOAD C:/ST/STM32CubeCLT_1.18.0/GNU-tools-for-STM32/bin/../lib/gcc/arm-none-eabi/13.3.1/thumb/v7e-m+fp/hard\libgcc.a
LOAD C:/ST/STM32CubeCLT_1.18.0/GNU-tools-for-STM32/bin/../lib/gcc/arm-none-eabi/13.3.1/../../../../arm-none-eabi/lib/thumb/v7e-m+fp/hard\libc_nano.a
END GROUP
LOAD C:/ST/STM32CubeCLT_1.18.0/GNU-tools-for-STM32/bin/../lib/gcc/arm-none-eabi/13.3.1/thumb/v7e-m+fp/hard/crtend.o
LOAD C:/ST/STM32CubeCLT_1.18.0/GNU-tools-for-STM32/bin/../lib/gcc/arm-none-eabi/13.3.1/thumb/v7e-m+fp/hard/crtn.o
                0x20020000                        _estack = (ORIGIN (RAM) + LENGTH (RAM))
                0x00000200                        _Min_Heap_Size = 0x200
                0x00000400                        _Min_Stack_Size = 0x400

.isr_vector     0x08000000      0x188
                0x08000000                        . = ALIGN (0x4)
 *(.isr_vector)
 .isr_vector    0x08000000      0x188 CMakeFiles/IMU_AHRS.dir/startup_stm32f407xx.s.obj
                0x08000000                g_pfnVectors
                0x08000188                        . = ALIGN (0x4)

.text           0x08000188     0x564c
                0x08000188                        . = ALIGN (0x4)
 *(.text)
 .text          0x08000188       0x40 C:/ST/STM32CubeCLT_1.18.0/GNU-tools-for-STM32/bin/../lib/gcc/arm-none-eabi/13.3.1/thumb/v7e-m+fp/hard/crtbegin.o
 .text          0x080001c8       0x30 C:/ST/STM32CubeCLT_1.18.0/GNU-tools-for-STM32/bin/../lib/gcc/arm-none-eabi/13.3.1/thumb/v7e-m+fp/hard\libgcc.a(_aeabi_uldivmod.o)
                0x080001c8                __aeabi_uldivmod
 .text          0x080001f8      0x2f8 C:/ST/STM32CubeCLT_1.18.0/GNU-tools-for-STM32/bin/../lib/gcc/arm-none-eabi/13.3.1/thumb/v7e-m+fp/hard\libgcc.a(_udivmoddi4.o)
                0x080001f8                __udivmoddi4
 .text          0x080004f0        0x4 C:/ST/STM32CubeCLT_1.18.0/GNU-tools-for-STM32/bin/../lib/gcc/arm-none-eabi/13.3.1/thumb/v7e-m+fp/hard\libgcc.a(_dvmd_tls.o)
                0x080004f0                __aeabi_idiv0
                0x080004f0                __aeabi_ldiv0
 *(.text*)
 .text.memset   0x080004f4       0x10 C:/ST/STM32CubeCLT_1.18.0/GNU-tools-for-STM32/bin/../lib/gcc/arm-none-eabi/13.3.1/../../../../arm-none-eabi/lib/thumb/v7e-m+fp/hard\libc_nano.a(libc_a-memset.o)
                0x080004f4                memset
 .text.__libc_init_array
                0x08000504       0x48 C:/ST/STM32CubeCLT_1.18.0/GNU-tools-for-STM32/bin/../lib/gcc/arm-none-eabi/13.3.1/../../../../arm-none-eabi/lib/thumb/v7e-m+fp/hard\libc_nano.a(libc_a-init.o)
                0x08000504                __libc_init_array
 .text.SystemInit
                0x0800054c       0x24 cmake/stm32cubemx/CMakeFiles/STM32_Drivers.dir/__/__/Core/Src/system_stm32f4xx.c.obj
                0x0800054c                SystemInit
 .text.HAL_I2C_Init
                0x08000570      0x288 cmake/stm32cubemx/CMakeFiles/STM32_Drivers.dir/__/__/Drivers/STM32F4xx_HAL_Driver/Src/stm32f4xx_hal_i2c.c.obj
                0x08000570                HAL_I2C_Init
 .text.HAL_I2C_DeInit
                0x080007f8       0x5e cmake/stm32cubemx/CMakeFiles/STM32_Drivers.dir/__/__/Drivers/STM32F4xx_HAL_Driver/Src/stm32f4xx_hal_i2c.c.obj
                0x080007f8                HAL_I2C_DeInit
 *fill*         0x08000856        0x2 
 .text.HAL_I2C_Master_Transmit
                0x08000858      0x1fc cmake/stm32cubemx/CMakeFiles/STM32_Drivers.dir/__/__/Drivers/STM32F4xx_HAL_Driver/Src/stm32f4xx_hal_i2c.c.obj
                0x08000858                HAL_I2C_Master_Transmit
 .text.HAL_I2C_Master_Receive
                0x08000a54      0x464 cmake/stm32cubemx/CMakeFiles/STM32_Drivers.dir/__/__/Drivers/STM32F4xx_HAL_Driver/Src/stm32f4xx_hal_i2c.c.obj
                0x08000a54                HAL_I2C_Master_Receive
 .text.HAL_I2C_Mem_Write
                0x08000eb8      0x1f4 cmake/stm32cubemx/CMakeFiles/STM32_Drivers.dir/__/__/Drivers/STM32F4xx_HAL_Driver/Src/stm32f4xx_hal_i2c.c.obj
                0x08000eb8                HAL_I2C_Mem_Write
 .text.HAL_I2C_Mem_Read
                0x080010ac      0x464 cmake/stm32cubemx/CMakeFiles/STM32_Drivers.dir/__/__/Drivers/STM32F4xx_HAL_Driver/Src/stm32f4xx_hal_i2c.c.obj
                0x080010ac                HAL_I2C_Mem_Read
 .text.HAL_I2C_Mem_Read_DMA
                0x08001510      0x320 cmake/stm32cubemx/CMakeFiles/STM32_Drivers.dir/__/__/Drivers/STM32F4xx_HAL_Driver/Src/stm32f4xx_hal_i2c.c.obj
                0x08001510                HAL_I2C_Mem_Read_DMA
 .text.HAL_I2C_SlaveTxCpltCallback
                0x08001830       0x14 cmake/stm32cubemx/CMakeFiles/STM32_Drivers.dir/__/__/Drivers/STM32F4xx_HAL_Driver/Src/stm32f4xx_hal_i2c.c.obj
                0x08001830                HAL_I2C_SlaveTxCpltCallback
 .text.HAL_I2C_SlaveRxCpltCallback
                0x08001844       0x14 cmake/stm32cubemx/CMakeFiles/STM32_Drivers.dir/__/__/Drivers/STM32F4xx_HAL_Driver/Src/stm32f4xx_hal_i2c.c.obj
                0x08001844                HAL_I2C_SlaveRxCpltCallback
 .text.I2C_MasterRequestWrite
                0x08001858      0x104 cmake/stm32cubemx/CMakeFiles/STM32_Drivers.dir/__/__/Drivers/STM32F4xx_HAL_Driver/Src/stm32f4xx_hal_i2c.c.obj
 .text.I2C_MasterRequestRead
                0x0800195c      0x19c cmake/stm32cubemx/CMakeFiles/STM32_Drivers.dir/__/__/Drivers/STM32F4xx_HAL_Driver/Src/stm32f4xx_hal_i2c.c.obj
 .text.I2C_RequestMemoryWrite
                0x08001af8      0x12c cmake/stm32cubemx/CMakeFiles/STM32_Drivers.dir/__/__/Drivers/STM32F4xx_HAL_Driver/Src/stm32f4xx_hal_i2c.c.obj
 .text.I2C_RequestMemoryRead
                0x08001c24      0x1d0 cmake/stm32cubemx/CMakeFiles/STM32_Drivers.dir/__/__/Drivers/STM32F4xx_HAL_Driver/Src/stm32f4xx_hal_i2c.c.obj
 .text.I2C_DMAXferCplt
                0x08001df4      0x1be cmake/stm32cubemx/CMakeFiles/STM32_Drivers.dir/__/__/Drivers/STM32F4xx_HAL_Driver/Src/stm32f4xx_hal_i2c.c.obj
 .text.I2C_DMAError
                0x08001fb2       0x7a cmake/stm32cubemx/CMakeFiles/STM32_Drivers.dir/__/__/Drivers/STM32F4xx_HAL_Driver/Src/stm32f4xx_hal_i2c.c.obj
 .text.I2C_WaitOnFlagUntilTimeout
                0x0800202c       0xf4 cmake/stm32cubemx/CMakeFiles/STM32_Drivers.dir/__/__/Drivers/STM32F4xx_HAL_Driver/Src/stm32f4xx_hal_i2c.c.obj
 .text.I2C_WaitOnMasterAddressFlagUntilTimeout
                0x08002120      0x140 cmake/stm32cubemx/CMakeFiles/STM32_Drivers.dir/__/__/Drivers/STM32F4xx_HAL_Driver/Src/stm32f4xx_hal_i2c.c.obj
 .text.I2C_WaitOnTXEFlagUntilTimeout
                0x08002260       0x90 cmake/stm32cubemx/CMakeFiles/STM32_Drivers.dir/__/__/Drivers/STM32F4xx_HAL_Driver/Src/stm32f4xx_hal_i2c.c.obj
 .text.I2C_WaitOnBTFFlagUntilTimeout
                0x080022f0       0x90 cmake/stm32cubemx/CMakeFiles/STM32_Drivers.dir/__/__/Drivers/STM32F4xx_HAL_Driver/Src/stm32f4xx_hal_i2c.c.obj
 .text.I2C_WaitOnRXNEFlagUntilTimeout
                0x08002380       0xba cmake/stm32cubemx/CMakeFiles/STM32_Drivers.dir/__/__/Drivers/STM32F4xx_HAL_Driver/Src/stm32f4xx_hal_i2c.c.obj
 .text.I2C_IsAcknowledgeFailed
                0x0800243a       0x5e cmake/stm32cubemx/CMakeFiles/STM32_Drivers.dir/__/__/Drivers/STM32F4xx_HAL_Driver/Src/stm32f4xx_hal_i2c.c.obj
 .text.HAL_RCC_OscConfig
                0x08002498      0x4f0 cmake/stm32cubemx/CMakeFiles/STM32_Drivers.dir/__/__/Drivers/STM32F4xx_HAL_Driver/Src/stm32f4xx_hal_rcc.c.obj
                0x08002498                HAL_RCC_OscConfig
 .text.HAL_RCC_ClockConfig
                0x08002988      0x1cc cmake/stm32cubemx/CMakeFiles/STM32_Drivers.dir/__/__/Drivers/STM32F4xx_HAL_Driver/Src/stm32f4xx_hal_rcc.c.obj
                0x08002988                HAL_RCC_ClockConfig
 .text.HAL_RCC_GetSysClockFreq
                0x08002b54      0x20c cmake/stm32cubemx/CMakeFiles/STM32_Drivers.dir/__/__/Drivers/STM32F4xx_HAL_Driver/Src/stm32f4xx_hal_rcc.c.obj
                0x08002b54                HAL_RCC_GetSysClockFreq
 .text.HAL_RCC_GetHCLKFreq
                0x08002d60       0x18 cmake/stm32cubemx/CMakeFiles/STM32_Drivers.dir/__/__/Drivers/STM32F4xx_HAL_Driver/Src/stm32f4xx_hal_rcc.c.obj
                0x08002d60                HAL_RCC_GetHCLKFreq
 .text.HAL_RCC_GetPCLK1Freq
                0x08002d78       0x28 cmake/stm32cubemx/CMakeFiles/STM32_Drivers.dir/__/__/Drivers/STM32F4xx_HAL_Driver/Src/stm32f4xx_hal_rcc.c.obj
                0x08002d78                HAL_RCC_GetPCLK1Freq
 .text.HAL_GPIO_Init
                0x08002da0      0x338 cmake/stm32cubemx/CMakeFiles/STM32_Drivers.dir/__/__/Drivers/STM32F4xx_HAL_Driver/Src/stm32f4xx_hal_gpio.c.obj
                0x08002da0                HAL_GPIO_Init
 .text.HAL_GPIO_DeInit
                0x080030d8      0x1f8 cmake/stm32cubemx/CMakeFiles/STM32_Drivers.dir/__/__/Drivers/STM32F4xx_HAL_Driver/Src/stm32f4xx_hal_gpio.c.obj
                0x080030d8                HAL_GPIO_DeInit
 .text.HAL_GPIO_WritePin
                0x080032d0       0x32 cmake/stm32cubemx/CMakeFiles/STM32_Drivers.dir/__/__/Drivers/STM32F4xx_HAL_Driver/Src/stm32f4xx_hal_gpio.c.obj
                0x080032d0                HAL_GPIO_WritePin
 *fill*         0x08003302        0x2 
 .text.HAL_DMA_Init
                0x08003304      0x15c cmake/stm32cubemx/CMakeFiles/STM32_Drivers.dir/__/__/Drivers/STM32F4xx_HAL_Driver/Src/stm32f4xx_hal_dma.c.obj
                0x08003304                HAL_DMA_Init
 .text.HAL_DMA_DeInit
                0x08003460       0xbc cmake/stm32cubemx/CMakeFiles/STM32_Drivers.dir/__/__/Drivers/STM32F4xx_HAL_Driver/Src/stm32f4xx_hal_dma.c.obj
                0x08003460                HAL_DMA_DeInit
 .text.HAL_DMA_Start_IT
                0x0800351c       0xb0 cmake/stm32cubemx/CMakeFiles/STM32_Drivers.dir/__/__/Drivers/STM32F4xx_HAL_Driver/Src/stm32f4xx_hal_dma.c.obj
                0x0800351c                HAL_DMA_Start_IT
 .text.HAL_DMA_Abort_IT
                0x080035cc       0x44 cmake/stm32cubemx/CMakeFiles/STM32_Drivers.dir/__/__/Drivers/STM32F4xx_HAL_Driver/Src/stm32f4xx_hal_dma.c.obj
                0x080035cc                HAL_DMA_Abort_IT
 .text.HAL_DMA_IRQHandler
                0x08003610      0x314 cmake/stm32cubemx/CMakeFiles/STM32_Drivers.dir/__/__/Drivers/STM32F4xx_HAL_Driver/Src/stm32f4xx_hal_dma.c.obj
                0x08003610                HAL_DMA_IRQHandler
 .text.HAL_DMA_GetError
                0x08003924       0x18 cmake/stm32cubemx/CMakeFiles/STM32_Drivers.dir/__/__/Drivers/STM32F4xx_HAL_Driver/Src/stm32f4xx_hal_dma.c.obj
                0x08003924                HAL_DMA_GetError
 .text.DMA_SetConfig
                0x0800393c       0x5c cmake/stm32cubemx/CMakeFiles/STM32_Drivers.dir/__/__/Drivers/STM32F4xx_HAL_Driver/Src/stm32f4xx_hal_dma.c.obj
 .text.DMA_CalcBaseAndBitshift
                0x08003998       0x6c cmake/stm32cubemx/CMakeFiles/STM32_Drivers.dir/__/__/Drivers/STM32F4xx_HAL_Driver/Src/stm32f4xx_hal_dma.c.obj
 .text.DMA_CheckFifoParam
                0x08003a04       0xf8 cmake/stm32cubemx/CMakeFiles/STM32_Drivers.dir/__/__/Drivers/STM32F4xx_HAL_Driver/Src/stm32f4xx_hal_dma.c.obj
 .text.__NVIC_SetPriorityGrouping
                0x08003afc       0x48 cmake/stm32cubemx/CMakeFiles/STM32_Drivers.dir/__/__/Drivers/STM32F4xx_HAL_Driver/Src/stm32f4xx_hal_cortex.c.obj
 .text.__NVIC_GetPriorityGrouping
                0x08003b44       0x1c cmake/stm32cubemx/CMakeFiles/STM32_Drivers.dir/__/__/Drivers/STM32F4xx_HAL_Driver/Src/stm32f4xx_hal_cortex.c.obj
 .text.__NVIC_EnableIRQ
                0x08003b60       0x3c cmake/stm32cubemx/CMakeFiles/STM32_Drivers.dir/__/__/Drivers/STM32F4xx_HAL_Driver/Src/stm32f4xx_hal_cortex.c.obj
 .text.__NVIC_SetPriority
                0x08003b9c       0x54 cmake/stm32cubemx/CMakeFiles/STM32_Drivers.dir/__/__/Drivers/STM32F4xx_HAL_Driver/Src/stm32f4xx_hal_cortex.c.obj
 .text.NVIC_EncodePriority
                0x08003bf0       0x66 cmake/stm32cubemx/CMakeFiles/STM32_Drivers.dir/__/__/Drivers/STM32F4xx_HAL_Driver/Src/stm32f4xx_hal_cortex.c.obj
 *fill*         0x08003c56        0x2 
 .text.SysTick_Config
                0x08003c58       0x44 cmake/stm32cubemx/CMakeFiles/STM32_Drivers.dir/__/__/Drivers/STM32F4xx_HAL_Driver/Src/stm32f4xx_hal_cortex.c.obj
 .text.HAL_NVIC_SetPriorityGrouping
                0x08003c9c       0x16 cmake/stm32cubemx/CMakeFiles/STM32_Drivers.dir/__/__/Drivers/STM32F4xx_HAL_Driver/Src/stm32f4xx_hal_cortex.c.obj
                0x08003c9c                HAL_NVIC_SetPriorityGrouping
 .text.HAL_NVIC_SetPriority
                0x08003cb2       0x38 cmake/stm32cubemx/CMakeFiles/STM32_Drivers.dir/__/__/Drivers/STM32F4xx_HAL_Driver/Src/stm32f4xx_hal_cortex.c.obj
                0x08003cb2                HAL_NVIC_SetPriority
 .text.HAL_NVIC_EnableIRQ
                0x08003cea       0x1c cmake/stm32cubemx/CMakeFiles/STM32_Drivers.dir/__/__/Drivers/STM32F4xx_HAL_Driver/Src/stm32f4xx_hal_cortex.c.obj
                0x08003cea                HAL_NVIC_EnableIRQ
 .text.HAL_SYSTICK_Config
                0x08003d06       0x18 cmake/stm32cubemx/CMakeFiles/STM32_Drivers.dir/__/__/Drivers/STM32F4xx_HAL_Driver/Src/stm32f4xx_hal_cortex.c.obj
                0x08003d06                HAL_SYSTICK_Config
 *fill*         0x08003d1e        0x2 
 .text.HAL_Init
                0x08003d20       0x44 cmake/stm32cubemx/CMakeFiles/STM32_Drivers.dir/__/__/Drivers/STM32F4xx_HAL_Driver/Src/stm32f4xx_hal.c.obj
                0x08003d20                HAL_Init
 .text.HAL_InitTick
                0x08003d64       0x60 cmake/stm32cubemx/CMakeFiles/STM32_Drivers.dir/__/__/Drivers/STM32F4xx_HAL_Driver/Src/stm32f4xx_hal.c.obj
                0x08003d64                HAL_InitTick
 .text.HAL_IncTick
                0x08003dc4       0x28 cmake/stm32cubemx/CMakeFiles/STM32_Drivers.dir/__/__/Drivers/STM32F4xx_HAL_Driver/Src/stm32f4xx_hal.c.obj
                0x08003dc4                HAL_IncTick
 .text.HAL_GetTick
                0x08003dec       0x18 cmake/stm32cubemx/CMakeFiles/STM32_Drivers.dir/__/__/Drivers/STM32F4xx_HAL_Driver/Src/stm32f4xx_hal.c.obj
                0x08003dec                HAL_GetTick
 .text.HAL_Delay
                0x08003e04       0x48 cmake/stm32cubemx/CMakeFiles/STM32_Drivers.dir/__/__/Drivers/STM32F4xx_HAL_Driver/Src/stm32f4xx_hal.c.obj
                0x08003e04                HAL_Delay
 .text.HAL_TIM_Base_Init
                0x08003e4c       0x9e cmake/stm32cubemx/CMakeFiles/STM32_Drivers.dir/__/__/Drivers/STM32F4xx_HAL_Driver/Src/stm32f4xx_hal_tim.c.obj
                0x08003e4c                HAL_TIM_Base_Init
 *fill*         0x08003eea        0x2 
 .text.HAL_TIM_Base_Start_IT
                0x08003eec       0xe0 cmake/stm32cubemx/CMakeFiles/STM32_Drivers.dir/__/__/Drivers/STM32F4xx_HAL_Driver/Src/stm32f4xx_hal_tim.c.obj
                0x08003eec                HAL_TIM_Base_Start_IT
 .text.HAL_TIM_IRQHandler
                0x08003fcc      0x1e0 cmake/stm32cubemx/CMakeFiles/STM32_Drivers.dir/__/__/Drivers/STM32F4xx_HAL_Driver/Src/stm32f4xx_hal_tim.c.obj
                0x08003fcc                HAL_TIM_IRQHandler
 .text.HAL_TIM_OC_DelayElapsedCallback
                0x080041ac       0x14 cmake/stm32cubemx/CMakeFiles/STM32_Drivers.dir/__/__/Drivers/STM32F4xx_HAL_Driver/Src/stm32f4xx_hal_tim.c.obj
                0x080041ac                HAL_TIM_OC_DelayElapsedCallback
 .text.HAL_TIM_IC_CaptureCallback
                0x080041c0       0x14 cmake/stm32cubemx/CMakeFiles/STM32_Drivers.dir/__/__/Drivers/STM32F4xx_HAL_Driver/Src/stm32f4xx_hal_tim.c.obj
                0x080041c0                HAL_TIM_IC_CaptureCallback
 .text.HAL_TIM_PWM_PulseFinishedCallback
                0x080041d4       0x14 cmake/stm32cubemx/CMakeFiles/STM32_Drivers.dir/__/__/Drivers/STM32F4xx_HAL_Driver/Src/stm32f4xx_hal_tim.c.obj
                0x080041d4                HAL_TIM_PWM_PulseFinishedCallback
 .text.HAL_TIM_TriggerCallback
                0x080041e8       0x14 cmake/stm32cubemx/CMakeFiles/STM32_Drivers.dir/__/__/Drivers/STM32F4xx_HAL_Driver/Src/stm32f4xx_hal_tim.c.obj
                0x080041e8                HAL_TIM_TriggerCallback
 .text.TIM_Base_SetConfig
                0x080041fc      0x14c cmake/stm32cubemx/CMakeFiles/STM32_Drivers.dir/__/__/Drivers/STM32F4xx_HAL_Driver/Src/stm32f4xx_hal_tim.c.obj
                0x080041fc                TIM_Base_SetConfig
 .text.HAL_TIMEx_MasterConfigSynchronization
                0x08004348       0xf8 cmake/stm32cubemx/CMakeFiles/STM32_Drivers.dir/__/__/Drivers/STM32F4xx_HAL_Driver/Src/stm32f4xx_hal_tim_ex.c.obj
                0x08004348                HAL_TIMEx_MasterConfigSynchronization
 .text.HAL_TIMEx_CommutCallback
                0x08004440       0x14 cmake/stm32cubemx/CMakeFiles/STM32_Drivers.dir/__/__/Drivers/STM32F4xx_HAL_Driver/Src/stm32f4xx_hal_tim_ex.c.obj
                0x08004440                HAL_TIMEx_CommutCallback
 .text.HAL_TIMEx_BreakCallback
                0x08004454       0x14 cmake/stm32cubemx/CMakeFiles/STM32_Drivers.dir/__/__/Drivers/STM32F4xx_HAL_Driver/Src/stm32f4xx_hal_tim_ex.c.obj
                0x08004454                HAL_TIMEx_BreakCallback
 .text.MPU6050_WriteByte_Block
                0x08004468       0x38 CMakeFiles/IMU_AHRS.dir/bsp/mpu6050.c.obj
 .text.MPU6050_ReadByte
                0x080044a0       0x48 CMakeFiles/IMU_AHRS.dir/bsp/mpu6050.c.obj
                0x080044a0                MPU6050_ReadByte
 .text.MPU6050_Init
                0x080044e8       0x52 CMakeFiles/IMU_AHRS.dir/bsp/mpu6050.c.obj
                0x080044e8                MPU6050_Init
 .text.MPU6050_GetID
                0x0800453a       0x1e CMakeFiles/IMU_AHRS.dir/bsp/mpu6050.c.obj
                0x0800453a                MPU6050_GetID
 .text.MPU6050_RequestData
                0x08004558       0x34 CMakeFiles/IMU_AHRS.dir/bsp/mpu6050.c.obj
                0x08004558                MPU6050_RequestData
 .text.MPU6050_ParseData
                0x0800458c      0x158 CMakeFiles/IMU_AHRS.dir/bsp/mpu6050.c.obj
                0x0800458c                MPU6050_ParseData
 .text.OLED_WriteCommand
                0x080046e4       0x30 CMakeFiles/IMU_AHRS.dir/bsp/OLED.c.obj
                0x080046e4                OLED_WriteCommand
 .text.OLED_WriteData
                0x08004714       0x30 CMakeFiles/IMU_AHRS.dir/bsp/OLED.c.obj
                0x08004714                OLED_WriteData
 .text.OLED_SetCursor
                0x08004744       0x46 CMakeFiles/IMU_AHRS.dir/bsp/OLED.c.obj
                0x08004744                OLED_SetCursor
 .text.OLED_Clear
                0x0800478a       0x46 CMakeFiles/IMU_AHRS.dir/bsp/OLED.c.obj
                0x0800478a                OLED_Clear
 .text.OLED_ShowChar
                0x080047d0       0xb0 CMakeFiles/IMU_AHRS.dir/bsp/OLED.c.obj
                0x080047d0                OLED_ShowChar
 .text.OLED_Pow
                0x08004880       0x32 CMakeFiles/IMU_AHRS.dir/bsp/OLED.c.obj
                0x08004880                OLED_Pow
 .text.OLED_ShowHexNum
                0x080048b2       0x78 CMakeFiles/IMU_AHRS.dir/bsp/OLED.c.obj
                0x080048b2                OLED_ShowHexNum
 *fill*         0x0800492a        0x2 
 .text.OLED_ShowFloat
                0x0800492c      0x190 CMakeFiles/IMU_AHRS.dir/bsp/OLED.c.obj
                0x0800492c                OLED_ShowFloat
 .text.OLED_Init
                0x08004abc       0xc4 CMakeFiles/IMU_AHRS.dir/bsp/OLED.c.obj
                0x08004abc                OLED_Init
 .text.QMC5883_WriteByte
                0x08004b80       0x38 CMakeFiles/IMU_AHRS.dir/bsp/QMC5883.c.obj
                0x08004b80                QMC5883_WriteByte
 .text.QMC5883_ReadByte
                0x08004bb8       0x34 CMakeFiles/IMU_AHRS.dir/bsp/QMC5883.c.obj
                0x08004bb8                QMC5883_ReadByte
 .text.QMC5883_Init
                0x08004bec       0x2a CMakeFiles/IMU_AHRS.dir/bsp/QMC5883.c.obj
                0x08004bec                QMC5883_Init
 *fill*         0x08004c16        0x2 
 .text.QMC5883_RequestData
                0x08004c18       0x34 CMakeFiles/IMU_AHRS.dir/bsp/QMC5883.c.obj
                0x08004c18                QMC5883_RequestData
 .text.QMC5883_ParseData
                0x08004c4c       0xc4 CMakeFiles/IMU_AHRS.dir/bsp/QMC5883.c.obj
                0x08004c4c                QMC5883_ParseData
 .text.QMC5883_GetID
                0x08004d10       0x1e CMakeFiles/IMU_AHRS.dir/bsp/QMC5883.c.obj
                0x08004d10                QMC5883_GetID
 *fill*         0x08004d2e        0x2 
 .text.main     0x08004d30      0x158 CMakeFiles/IMU_AHRS.dir/Core/Src/main.c.obj
                0x08004d30                main
 .text.SystemClock_Config
                0x08004e88       0xd4 CMakeFiles/IMU_AHRS.dir/Core/Src/main.c.obj
                0x08004e88                SystemClock_Config
 .text.HAL_TIM_PeriodElapsedCallback
                0x08004f5c       0x14 CMakeFiles/IMU_AHRS.dir/Core/Src/main.c.obj
                0x08004f5c                HAL_TIM_PeriodElapsedCallback
 .text.Error_Handler
                0x08004f70        0xc CMakeFiles/IMU_AHRS.dir/Core/Src/main.c.obj
                0x08004f70                Error_Handler
 .text.MX_GPIO_Init
                0x08004f7c       0xdc CMakeFiles/IMU_AHRS.dir/Core/Src/gpio.c.obj
                0x08004f7c                MX_GPIO_Init
 .text.MX_DMA_Init
                0x08005058       0x50 CMakeFiles/IMU_AHRS.dir/Core/Src/dma.c.obj
                0x08005058                MX_DMA_Init
 .text.HAL_I2C_MemRxCpltCallback
                0x080050a8       0x48 CMakeFiles/IMU_AHRS.dir/Core/Src/i2c.c.obj
                0x080050a8                HAL_I2C_MemRxCpltCallback
 .text.HAL_I2C_MasterRxCpltCallback
                0x080050f0       0x48 CMakeFiles/IMU_AHRS.dir/Core/Src/i2c.c.obj
                0x080050f0                HAL_I2C_MasterRxCpltCallback
 .text.HAL_I2C_ErrorCallback
                0x08005138       0x44 CMakeFiles/IMU_AHRS.dir/Core/Src/i2c.c.obj
                0x08005138                HAL_I2C_ErrorCallback
 .text.MX_I2C1_Init
                0x0800517c       0x5c CMakeFiles/IMU_AHRS.dir/Core/Src/i2c.c.obj
                0x0800517c                MX_I2C1_Init
 .text.MX_I2C2_Init
                0x080051d8       0x5c CMakeFiles/IMU_AHRS.dir/Core/Src/i2c.c.obj
                0x080051d8                MX_I2C2_Init
 .text.MX_I2C3_Init
                0x08005234       0x5c CMakeFiles/IMU_AHRS.dir/Core/Src/i2c.c.obj
                0x08005234                MX_I2C3_Init
 .text.HAL_I2C_MspInit
                0x08005290      0x274 CMakeFiles/IMU_AHRS.dir/Core/Src/i2c.c.obj
                0x08005290                HAL_I2C_MspInit
 .text.HAL_I2C_MspDeInit
                0x08005504       0xc0 CMakeFiles/IMU_AHRS.dir/Core/Src/i2c.c.obj
                0x08005504                HAL_I2C_MspDeInit
 .text.MX_TIM6_Init
                0x080055c4       0x68 CMakeFiles/IMU_AHRS.dir/Core/Src/tim.c.obj
                0x080055c4                MX_TIM6_Init
 .text.HAL_TIM_Base_MspInit
                0x0800562c       0x50 CMakeFiles/IMU_AHRS.dir/Core/Src/tim.c.obj
                0x0800562c                HAL_TIM_Base_MspInit
 .text.NMI_Handler
                0x0800567c        0x8 CMakeFiles/IMU_AHRS.dir/Core/Src/stm32f4xx_it.c.obj
                0x0800567c                NMI_Handler
 .text.HardFault_Handler
                0x08005684        0x8 CMakeFiles/IMU_AHRS.dir/Core/Src/stm32f4xx_it.c.obj
                0x08005684                HardFault_Handler
 .text.MemManage_Handler
                0x0800568c        0x8 CMakeFiles/IMU_AHRS.dir/Core/Src/stm32f4xx_it.c.obj
                0x0800568c                MemManage_Handler
 .text.BusFault_Handler
                0x08005694        0x8 CMakeFiles/IMU_AHRS.dir/Core/Src/stm32f4xx_it.c.obj
                0x08005694                BusFault_Handler
 .text.UsageFault_Handler
                0x0800569c        0x8 CMakeFiles/IMU_AHRS.dir/Core/Src/stm32f4xx_it.c.obj
                0x0800569c                UsageFault_Handler
 .text.SVC_Handler
                0x080056a4        0xe CMakeFiles/IMU_AHRS.dir/Core/Src/stm32f4xx_it.c.obj
                0x080056a4                SVC_Handler
 .text.DebugMon_Handler
                0x080056b2        0xe CMakeFiles/IMU_AHRS.dir/Core/Src/stm32f4xx_it.c.obj
                0x080056b2                DebugMon_Handler
 .text.PendSV_Handler
                0x080056c0        0xe CMakeFiles/IMU_AHRS.dir/Core/Src/stm32f4xx_it.c.obj
                0x080056c0                PendSV_Handler
 .text.SysTick_Handler
                0x080056ce        0xc CMakeFiles/IMU_AHRS.dir/Core/Src/stm32f4xx_it.c.obj
                0x080056ce                SysTick_Handler
 *fill*         0x080056da        0x2 
 .text.DMA1_Stream2_IRQHandler
                0x080056dc       0x14 CMakeFiles/IMU_AHRS.dir/Core/Src/stm32f4xx_it.c.obj
                0x080056dc                DMA1_Stream2_IRQHandler
 .text.DMA1_Stream3_IRQHandler
                0x080056f0       0x14 CMakeFiles/IMU_AHRS.dir/Core/Src/stm32f4xx_it.c.obj
                0x080056f0                DMA1_Stream3_IRQHandler
 .text.TIM6_DAC_IRQHandler
                0x08005704       0x14 CMakeFiles/IMU_AHRS.dir/Core/Src/stm32f4xx_it.c.obj
                0x08005704                TIM6_DAC_IRQHandler
 .text.HAL_MspInit
                0x08005718       0x50 CMakeFiles/IMU_AHRS.dir/Core/Src/stm32f4xx_hal_msp.c.obj
                0x08005718                HAL_MspInit
 .text.Reset_Handler
                0x08005768       0x50 CMakeFiles/IMU_AHRS.dir/startup_stm32f407xx.s.obj
                0x08005768                Reset_Handler
 .text.Default_Handler
                0x080057b8        0x2 CMakeFiles/IMU_AHRS.dir/startup_stm32f407xx.s.obj
                0x080057b8                RTC_Alarm_IRQHandler
                0x080057b8                HASH_RNG_IRQHandler
                0x080057b8                EXTI2_IRQHandler
                0x080057b8                TIM8_CC_IRQHandler
                0x080057b8                TIM1_CC_IRQHandler
                0x080057b8                DMA2_Stream5_IRQHandler
                0x080057b8                DMA1_Stream5_IRQHandler
                0x080057b8                PVD_IRQHandler
                0x080057b8                SDIO_IRQHandler
                0x080057b8                TAMP_STAMP_IRQHandler
                0x080057b8                CAN2_RX1_IRQHandler
                0x080057b8                EXTI3_IRQHandler
                0x080057b8                TIM8_TRG_COM_TIM14_IRQHandler
                0x080057b8                TIM1_UP_TIM10_IRQHandler
                0x080057b8                TIM8_UP_TIM13_IRQHandler
                0x080057b8                I2C3_ER_IRQHandler
                0x080057b8                EXTI0_IRQHandler
                0x080057b8                I2C2_EV_IRQHandler
                0x080057b8                CAN1_RX0_IRQHandler
                0x080057b8                FPU_IRQHandler
                0x080057b8                OTG_HS_WKUP_IRQHandler
                0x080057b8                CAN2_SCE_IRQHandler
                0x080057b8                DMA2_Stream2_IRQHandler
                0x080057b8                SPI1_IRQHandler
                0x080057b8                TIM1_BRK_TIM9_IRQHandler
                0x080057b8                DCMI_IRQHandler
                0x080057b8                CAN2_RX0_IRQHandler
                0x080057b8                DMA2_Stream3_IRQHandler
                0x080057b8                USART6_IRQHandler
                0x080057b8                USART3_IRQHandler
                0x080057b8                CAN1_RX1_IRQHandler
                0x080057b8                UART5_IRQHandler
                0x080057b8                DMA2_Stream0_IRQHandler
                0x080057b8                TIM4_IRQHandler
                0x080057b8                I2C1_EV_IRQHandler
                0x080057b8                DMA1_Stream6_IRQHandler
                0x080057b8                DMA1_Stream1_IRQHandler
                0x080057b8                UART4_IRQHandler
                0x080057b8                TIM3_IRQHandler
                0x080057b8                RCC_IRQHandler
                0x080057b8                TIM8_BRK_TIM12_IRQHandler
                0x080057b8                Default_Handler
                0x080057b8                EXTI15_10_IRQHandler
                0x080057b8                ADC_IRQHandler
                0x080057b8                DMA1_Stream7_IRQHandler
                0x080057b8                TIM7_IRQHandler
                0x080057b8                CAN2_TX_IRQHandler
                0x080057b8                TIM5_IRQHandler
                0x080057b8                DMA2_Stream7_IRQHandler
                0x080057b8                I2C3_EV_IRQHandler
                0x080057b8                EXTI9_5_IRQHandler
                0x080057b8                RTC_WKUP_IRQHandler
                0x080057b8                ETH_WKUP_IRQHandler
                0x080057b8                SPI2_IRQHandler
                0x080057b8                OTG_HS_EP1_IN_IRQHandler
                0x080057b8                DMA1_Stream0_IRQHandler
                0x080057b8                CAN1_TX_IRQHandler
                0x080057b8                EXTI4_IRQHandler
                0x080057b8                FSMC_IRQHandler
                0x080057b8                ETH_IRQHandler
                0x080057b8                OTG_HS_EP1_OUT_IRQHandler
                0x080057b8                WWDG_IRQHandler
                0x080057b8                TIM2_IRQHandler
                0x080057b8                OTG_FS_WKUP_IRQHandler
                0x080057b8                TIM1_TRG_COM_TIM11_IRQHandler
                0x080057b8                OTG_HS_IRQHandler
                0x080057b8                EXTI1_IRQHandler
                0x080057b8                USART2_IRQHandler
                0x080057b8                I2C2_ER_IRQHandler
                0x080057b8                DMA2_Stream1_IRQHandler
                0x080057b8                CAN1_SCE_IRQHandler
                0x080057b8                FLASH_IRQHandler
                0x080057b8                DMA2_Stream4_IRQHandler
                0x080057b8                USART1_IRQHandler
                0x080057b8                OTG_FS_IRQHandler
                0x080057b8                SPI3_IRQHandler
                0x080057b8                DMA1_Stream4_IRQHandler
                0x080057b8                I2C1_ER_IRQHandler
                0x080057b8                DMA2_Stream6_IRQHandler
 *(.glue_7)
 .glue_7        0x080057ba        0x0 linker stubs
 *(.glue_7t)
 .glue_7t       0x080057ba        0x0 linker stubs
 *(.eh_frame)
 *fill*         0x080057ba        0x2 
 .eh_frame      0x080057bc        0x0 C:/ST/STM32CubeCLT_1.18.0/GNU-tools-for-STM32/bin/../lib/gcc/arm-none-eabi/13.3.1/thumb/v7e-m+fp/hard/crtbegin.o
 *(.init)
 .init          0x080057bc        0x4 C:/ST/STM32CubeCLT_1.18.0/GNU-tools-for-STM32/bin/../lib/gcc/arm-none-eabi/13.3.1/thumb/v7e-m+fp/hard/crti.o
                0x080057bc                _init
 .init          0x080057c0        0x8 C:/ST/STM32CubeCLT_1.18.0/GNU-tools-for-STM32/bin/../lib/gcc/arm-none-eabi/13.3.1/thumb/v7e-m+fp/hard/crtn.o
 *(.fini)
 .fini          0x080057c8        0x4 C:/ST/STM32CubeCLT_1.18.0/GNU-tools-for-STM32/bin/../lib/gcc/arm-none-eabi/13.3.1/thumb/v7e-m+fp/hard/crti.o
                0x080057c8                _fini
 .fini          0x080057cc        0x8 C:/ST/STM32CubeCLT_1.18.0/GNU-tools-for-STM32/bin/../lib/gcc/arm-none-eabi/13.3.1/thumb/v7e-m+fp/hard/crtn.o
                0x080057d4                        . = ALIGN (0x4)
                0x080057d4                        _etext = .

.vfp11_veneer   0x080057d4        0x0
 .vfp11_veneer  0x080057d4        0x0 linker stubs

.v4_bx          0x080057d4        0x0
 .v4_bx         0x080057d4        0x0 linker stubs

.iplt           0x080057d4        0x0
 .iplt          0x080057d4        0x0 C:/ST/STM32CubeCLT_1.18.0/GNU-tools-for-STM32/bin/../lib/gcc/arm-none-eabi/13.3.1/thumb/v7e-m+fp/hard/crtbegin.o

.rodata         0x080057d4      0x610
                0x080057d4                        . = ALIGN (0x4)
 *(.rodata)
 *(.rodata*)
 .rodata.AHBPrescTable
                0x080057d4       0x10 cmake/stm32cubemx/CMakeFiles/STM32_Drivers.dir/__/__/Core/Src/system_stm32f4xx.c.obj
                0x080057d4                AHBPrescTable
 .rodata.APBPrescTable
                0x080057e4        0x8 cmake/stm32cubemx/CMakeFiles/STM32_Drivers.dir/__/__/Core/Src/system_stm32f4xx.c.obj
                0x080057e4                APBPrescTable
 .rodata.flagBitshiftOffset.0
                0x080057ec        0x8 cmake/stm32cubemx/CMakeFiles/STM32_Drivers.dir/__/__/Drivers/STM32F4xx_HAL_Driver/Src/stm32f4xx_hal_dma.c.obj
 .rodata.OLED_F8x16
                0x080057f4      0x5f0 CMakeFiles/IMU_AHRS.dir/bsp/OLED.c.obj
                0x080057f4                OLED_F8x16
                0x08005de4                        . = ALIGN (0x4)

.ARM.extab      0x08005de4        0x0
                0x08005de4                        . = ALIGN (0x4)
 *(.ARM.extab* .gnu.linkonce.armextab.*)
                0x08005de4                        . = ALIGN (0x4)

.ARM            0x08005de4        0x8
                0x08005de4                        . = ALIGN (0x4)
                0x08005de4                        __exidx_start = .
 *(.ARM.exidx*)
 .ARM.exidx     0x08005de4        0x8 C:/ST/STM32CubeCLT_1.18.0/GNU-tools-for-STM32/bin/../lib/gcc/arm-none-eabi/13.3.1/thumb/v7e-m+fp/hard\libgcc.a(_udivmoddi4.o)
                0x08005dec                        __exidx_end = .
                0x08005dec                        . = ALIGN (0x4)

.preinit_array  0x08005dec        0x0
                0x08005dec                        . = ALIGN (0x4)
                0x08005dec                        PROVIDE (__preinit_array_start = .)
 *(.preinit_array*)
                0x08005dec                        PROVIDE (__preinit_array_end = .)
                0x08005dec                        . = ALIGN (0x4)

.init_array     0x08005dec        0x4
                0x08005dec                        . = ALIGN (0x4)
                0x08005dec                        PROVIDE (__init_array_start = .)
 *(SORT_BY_NAME(.init_array.*))
 *(.init_array*)
 .init_array    0x08005dec        0x4 C:/ST/STM32CubeCLT_1.18.0/GNU-tools-for-STM32/bin/../lib/gcc/arm-none-eabi/13.3.1/thumb/v7e-m+fp/hard/crtbegin.o
                0x08005df0                        PROVIDE (__init_array_end = .)
                0x08005df0                        . = ALIGN (0x4)

.fini_array     0x08005df0        0x4
                0x08005df0                        . = ALIGN (0x4)
                [!provide]                        PROVIDE (__fini_array_start = .)
 *(SORT_BY_NAME(.fini_array.*))
 *(.fini_array*)
 .fini_array    0x08005df0        0x4 C:/ST/STM32CubeCLT_1.18.0/GNU-tools-for-STM32/bin/../lib/gcc/arm-none-eabi/13.3.1/thumb/v7e-m+fp/hard/crtbegin.o
                [!provide]                        PROVIDE (__fini_array_end = .)
                0x08005df4                        . = ALIGN (0x4)
                0x08005df4                        _sidata = LOADADDR (.data)

.rel.dyn        0x08005df4        0x0
 .rel.iplt      0x08005df4        0x0 C:/ST/STM32CubeCLT_1.18.0/GNU-tools-for-STM32/bin/../lib/gcc/arm-none-eabi/13.3.1/thumb/v7e-m+fp/hard/crtbegin.o

.data           0x20000000        0xc load address 0x08005df4
                0x20000000                        . = ALIGN (0x4)
                0x20000000                        _sdata = .
 *(.data)
 *(.data*)
 .data.SystemCoreClock
                0x20000000        0x4 cmake/stm32cubemx/CMakeFiles/STM32_Drivers.dir/__/__/Core/Src/system_stm32f4xx.c.obj
                0x20000000                SystemCoreClock
 .data.uwTickPrio
                0x20000004        0x4 cmake/stm32cubemx/CMakeFiles/STM32_Drivers.dir/__/__/Drivers/STM32F4xx_HAL_Driver/Src/stm32f4xx_hal.c.obj
                0x20000004                uwTickPrio
 .data.uwTickFreq
                0x20000008        0x1 cmake/stm32cubemx/CMakeFiles/STM32_Drivers.dir/__/__/Drivers/STM32F4xx_HAL_Driver/Src/stm32f4xx_hal.c.obj
                0x20000008                uwTickFreq
 *(.RamFunc)
 *(.RamFunc*)
                0x2000000c                        . = ALIGN (0x4)
 *fill*         0x20000009        0x3 
                0x2000000c                        _edata = .
                0x08005e00                        _siccmram = LOADADDR (.ccmram)

.igot.plt       0x2000000c        0x0 load address 0x08005e00
 .igot.plt      0x2000000c        0x0 C:/ST/STM32CubeCLT_1.18.0/GNU-tools-for-STM32/bin/../lib/gcc/arm-none-eabi/13.3.1/thumb/v7e-m+fp/hard/crtbegin.o

.ccmram         0x10000000        0x0 load address 0x08005e00
                0x10000000                        . = ALIGN (0x4)
                0x10000000                        _sccmram = .
 *(.ccmram)
 *(.ccmram*)
                0x10000000                        . = ALIGN (0x4)
                0x10000000                        _eccmram = .
                0x10000000                        . = ALIGN (0x4)

.bss            0x2000000c      0x23c
                0x2000000c                        _sbss = .
                0x2000000c                        __bss_start__ = _sbss
 *(.bss)
 .bss           0x2000000c       0x1c C:/ST/STM32CubeCLT_1.18.0/GNU-tools-for-STM32/bin/../lib/gcc/arm-none-eabi/13.3.1/thumb/v7e-m+fp/hard/crtbegin.o
 *(.bss*)
 .bss.uwTick    0x20000028        0x4 cmake/stm32cubemx/CMakeFiles/STM32_Drivers.dir/__/__/Drivers/STM32F4xx_HAL_Driver/Src/stm32f4xx_hal.c.obj
                0x20000028                uwTick
 .bss.mpu6050_buffer
                0x2000002c        0xe CMakeFiles/IMU_AHRS.dir/bsp/mpu6050.c.obj
 .bss.mpu6050_i2c_rx_done
                0x2000003a        0x1 CMakeFiles/IMU_AHRS.dir/bsp/mpu6050.c.obj
                0x2000003a                mpu6050_i2c_rx_done
 *fill*         0x2000003b        0x1 
 .bss.qmc_dma_buffer
                0x2000003c        0x6 CMakeFiles/IMU_AHRS.dir/bsp/QMC5883.c.obj
 .bss.qmc5883_i2c_rx_done
                0x20000042        0x1 CMakeFiles/IMU_AHRS.dir/bsp/QMC5883.c.obj
                0x20000042                qmc5883_i2c_rx_done
 .bss.mag_divider
                0x20000043        0x1 CMakeFiles/IMU_AHRS.dir/Core/Src/main.c.obj
                0x20000043                mag_divider
 .bss.hi2c1     0x20000044       0x54 CMakeFiles/IMU_AHRS.dir/Core/Src/i2c.c.obj
                0x20000044                hi2c1
 .bss.hi2c2     0x20000098       0x54 CMakeFiles/IMU_AHRS.dir/Core/Src/i2c.c.obj
                0x20000098                hi2c2
 .bss.hi2c3     0x200000ec       0x54 CMakeFiles/IMU_AHRS.dir/Core/Src/i2c.c.obj
                0x200000ec                hi2c3
 .bss.hdma_i2c2_rx
                0x20000140       0x60 CMakeFiles/IMU_AHRS.dir/Core/Src/i2c.c.obj
                0x20000140                hdma_i2c2_rx
 .bss.hdma_i2c3_rx
                0x200001a0       0x60 CMakeFiles/IMU_AHRS.dir/Core/Src/i2c.c.obj
                0x200001a0                hdma_i2c3_rx
 .bss.htim6     0x20000200       0x48 CMakeFiles/IMU_AHRS.dir/Core/Src/tim.c.obj
                0x20000200                htim6
 *(COMMON)
                0x20000248                        . = ALIGN (0x4)
                0x20000248                        _ebss = .
                0x20000248                        __bss_end__ = _ebss

._user_heap_stack
                0x20000248      0x600
                0x20000248                        . = ALIGN (0x8)
                [!provide]                        PROVIDE (end = .)
                0x20000248                        PROVIDE (_end = .)
                0x20000448                        . = (. + _Min_Heap_Size)
 *fill*         0x20000248      0x200 
                0x20000848                        . = (. + _Min_Stack_Size)
 *fill*         0x20000448      0x400 
                0x20000848                        . = ALIGN (0x8)

/DISCARD/
 libc.a(*)
 libm.a(*)
 libgcc.a(*)
OUTPUT(IMU_AHRS.elf elf32-littlearm)
LOAD linker stubs
LOAD C:/ST/STM32CubeCLT_1.18.0/GNU-tools-for-STM32/bin/../lib/gcc/arm-none-eabi/13.3.1/../../../../arm-none-eabi/lib/thumb/v7e-m+fp/hard\libc.a
LOAD C:/ST/STM32CubeCLT_1.18.0/GNU-tools-for-STM32/bin/../lib/gcc/arm-none-eabi/13.3.1/../../../../arm-none-eabi/lib/thumb/v7e-m+fp/hard\libm.a
LOAD C:/ST/STM32CubeCLT_1.18.0/GNU-tools-for-STM32/bin/../lib/gcc/arm-none-eabi/13.3.1/thumb/v7e-m+fp/hard\libgcc.a

.ARM.attributes
                0x00000000       0x30
 .ARM.attributes
                0x00000000       0x22 C:/ST/STM32CubeCLT_1.18.0/GNU-tools-for-STM32/bin/../lib/gcc/arm-none-eabi/13.3.1/thumb/v7e-m+fp/hard/crti.o
 .ARM.attributes
                0x00000022       0x34 C:/ST/STM32CubeCLT_1.18.0/GNU-tools-for-STM32/bin/../lib/gcc/arm-none-eabi/13.3.1/thumb/v7e-m+fp/hard/crtbegin.o
 .ARM.attributes
                0x00000056       0x34 C:/ST/STM32CubeCLT_1.18.0/GNU-tools-for-STM32/bin/../lib/gcc/arm-none-eabi/13.3.1/../../../../arm-none-eabi/lib/thumb/v7e-m+fp/hard\libc_nano.a(libc_a-memset.o)
 .ARM.attributes
                0x0000008a       0x34 C:/ST/STM32CubeCLT_1.18.0/GNU-tools-for-STM32/bin/../lib/gcc/arm-none-eabi/13.3.1/../../../../arm-none-eabi/lib/thumb/v7e-m+fp/hard\libc_nano.a(libc_a-init.o)
 .ARM.attributes
                0x000000be       0x34 cmake/stm32cubemx/CMakeFiles/STM32_Drivers.dir/__/__/Core/Src/system_stm32f4xx.c.obj
 .ARM.attributes
                0x000000f2       0x34 cmake/stm32cubemx/CMakeFiles/STM32_Drivers.dir/__/__/Drivers/STM32F4xx_HAL_Driver/Src/stm32f4xx_hal_i2c.c.obj
 .ARM.attributes
                0x00000126       0x34 cmake/stm32cubemx/CMakeFiles/STM32_Drivers.dir/__/__/Drivers/STM32F4xx_HAL_Driver/Src/stm32f4xx_hal_rcc.c.obj
 .ARM.attributes
                0x0000015a       0x34 cmake/stm32cubemx/CMakeFiles/STM32_Drivers.dir/__/__/Drivers/STM32F4xx_HAL_Driver/Src/stm32f4xx_hal_gpio.c.obj
 .ARM.attributes
                0x0000018e       0x34 cmake/stm32cubemx/CMakeFiles/STM32_Drivers.dir/__/__/Drivers/STM32F4xx_HAL_Driver/Src/stm32f4xx_hal_dma.c.obj
 .ARM.attributes
                0x000001c2       0x34 cmake/stm32cubemx/CMakeFiles/STM32_Drivers.dir/__/__/Drivers/STM32F4xx_HAL_Driver/Src/stm32f4xx_hal_cortex.c.obj
 .ARM.attributes
                0x000001f6       0x34 cmake/stm32cubemx/CMakeFiles/STM32_Drivers.dir/__/__/Drivers/STM32F4xx_HAL_Driver/Src/stm32f4xx_hal.c.obj
 .ARM.attributes
                0x0000022a       0x34 cmake/stm32cubemx/CMakeFiles/STM32_Drivers.dir/__/__/Drivers/STM32F4xx_HAL_Driver/Src/stm32f4xx_hal_tim.c.obj
 .ARM.attributes
                0x0000025e       0x34 cmake/stm32cubemx/CMakeFiles/STM32_Drivers.dir/__/__/Drivers/STM32F4xx_HAL_Driver/Src/stm32f4xx_hal_tim_ex.c.obj
 .ARM.attributes
                0x00000292       0x34 CMakeFiles/IMU_AHRS.dir/bsp/mpu6050.c.obj
 .ARM.attributes
                0x000002c6       0x34 CMakeFiles/IMU_AHRS.dir/bsp/OLED.c.obj
 .ARM.attributes
                0x000002fa       0x34 CMakeFiles/IMU_AHRS.dir/bsp/QMC5883.c.obj
 .ARM.attributes
                0x0000032e       0x34 CMakeFiles/IMU_AHRS.dir/Core/Src/main.c.obj
 .ARM.attributes
                0x00000362       0x34 CMakeFiles/IMU_AHRS.dir/Core/Src/gpio.c.obj
 .ARM.attributes
                0x00000396       0x34 CMakeFiles/IMU_AHRS.dir/Core/Src/dma.c.obj
 .ARM.attributes
                0x000003ca       0x34 CMakeFiles/IMU_AHRS.dir/Core/Src/i2c.c.obj
 .ARM.attributes
                0x000003fe       0x34 CMakeFiles/IMU_AHRS.dir/Core/Src/tim.c.obj
 .ARM.attributes
                0x00000432       0x34 CMakeFiles/IMU_AHRS.dir/Core/Src/stm32f4xx_it.c.obj
 .ARM.attributes
                0x00000466       0x34 CMakeFiles/IMU_AHRS.dir/Core/Src/stm32f4xx_hal_msp.c.obj
 .ARM.attributes
                0x0000049a       0x21 CMakeFiles/IMU_AHRS.dir/startup_stm32f407xx.s.obj
 .ARM.attributes
                0x000004bb       0x22 C:/ST/STM32CubeCLT_1.18.0/GNU-tools-for-STM32/bin/../lib/gcc/arm-none-eabi/13.3.1/thumb/v7e-m+fp/hard\libgcc.a(_aeabi_uldivmod.o)
 .ARM.attributes
                0x000004dd       0x34 C:/ST/STM32CubeCLT_1.18.0/GNU-tools-for-STM32/bin/../lib/gcc/arm-none-eabi/13.3.1/thumb/v7e-m+fp/hard\libgcc.a(_udivmoddi4.o)
 .ARM.attributes
                0x00000511       0x22 C:/ST/STM32CubeCLT_1.18.0/GNU-tools-for-STM32/bin/../lib/gcc/arm-none-eabi/13.3.1/thumb/v7e-m+fp/hard\libgcc.a(_dvmd_tls.o)
 .ARM.attributes
                0x00000533       0x22 C:/ST/STM32CubeCLT_1.18.0/GNU-tools-for-STM32/bin/../lib/gcc/arm-none-eabi/13.3.1/thumb/v7e-m+fp/hard/crtn.o

.comment        0x00000000       0x43
 .comment       0x00000000       0x43 cmake/stm32cubemx/CMakeFiles/STM32_Drivers.dir/__/__/Core/Src/system_stm32f4xx.c.obj
                                 0x44 (size before relaxing)
 .comment       0x00000043       0x44 cmake/stm32cubemx/CMakeFiles/STM32_Drivers.dir/__/__/Drivers/STM32F4xx_HAL_Driver/Src/stm32f4xx_hal_i2c.c.obj
 .comment       0x00000043       0x44 cmake/stm32cubemx/CMakeFiles/STM32_Drivers.dir/__/__/Drivers/STM32F4xx_HAL_Driver/Src/stm32f4xx_hal_rcc.c.obj
 .comment       0x00000043       0x44 cmake/stm32cubemx/CMakeFiles/STM32_Drivers.dir/__/__/Drivers/STM32F4xx_HAL_Driver/Src/stm32f4xx_hal_gpio.c.obj
 .comment       0x00000043       0x44 cmake/stm32cubemx/CMakeFiles/STM32_Drivers.dir/__/__/Drivers/STM32F4xx_HAL_Driver/Src/stm32f4xx_hal_dma.c.obj
 .comment       0x00000043       0x44 cmake/stm32cubemx/CMakeFiles/STM32_Drivers.dir/__/__/Drivers/STM32F4xx_HAL_Driver/Src/stm32f4xx_hal_cortex.c.obj
 .comment       0x00000043       0x44 cmake/stm32cubemx/CMakeFiles/STM32_Drivers.dir/__/__/Drivers/STM32F4xx_HAL_Driver/Src/stm32f4xx_hal.c.obj
 .comment       0x00000043       0x44 cmake/stm32cubemx/CMakeFiles/STM32_Drivers.dir/__/__/Drivers/STM32F4xx_HAL_Driver/Src/stm32f4xx_hal_tim.c.obj
 .comment       0x00000043       0x44 cmake/stm32cubemx/CMakeFiles/STM32_Drivers.dir/__/__/Drivers/STM32F4xx_HAL_Driver/Src/stm32f4xx_hal_tim_ex.c.obj
 .comment       0x00000043       0x44 CMakeFiles/IMU_AHRS.dir/bsp/mpu6050.c.obj
 .comment       0x00000043       0x44 CMakeFiles/IMU_AHRS.dir/bsp/OLED.c.obj
 .comment       0x00000043       0x44 CMakeFiles/IMU_AHRS.dir/bsp/QMC5883.c.obj
 .comment       0x00000043       0x44 CMakeFiles/IMU_AHRS.dir/Core/Src/main.c.obj
 .comment       0x00000043       0x44 CMakeFiles/IMU_AHRS.dir/Core/Src/gpio.c.obj
 .comment       0x00000043       0x44 CMakeFiles/IMU_AHRS.dir/Core/Src/dma.c.obj
 .comment       0x00000043       0x44 CMakeFiles/IMU_AHRS.dir/Core/Src/i2c.c.obj
 .comment       0x00000043       0x44 CMakeFiles/IMU_AHRS.dir/Core/Src/tim.c.obj
 .comment       0x00000043       0x44 CMakeFiles/IMU_AHRS.dir/Core/Src/stm32f4xx_it.c.obj
 .comment       0x00000043       0x44 CMakeFiles/IMU_AHRS.dir/Core/Src/stm32f4xx_hal_msp.c.obj

.debug_frame    0x00000000     0x3b78
 .debug_frame   0x00000000       0x20 C:/ST/STM32CubeCLT_1.18.0/GNU-tools-for-STM32/bin/../lib/gcc/arm-none-eabi/13.3.1/../../../../arm-none-eabi/lib/thumb/v7e-m+fp/hard\libc_nano.a(libc_a-memset.o)
 .debug_frame   0x00000020       0x2c C:/ST/STM32CubeCLT_1.18.0/GNU-tools-for-STM32/bin/../lib/gcc/arm-none-eabi/13.3.1/../../../../arm-none-eabi/lib/thumb/v7e-m+fp/hard\libc_nano.a(libc_a-init.o)
 .debug_frame   0x0000004c       0x58 cmake/stm32cubemx/CMakeFiles/STM32_Drivers.dir/__/__/Core/Src/system_stm32f4xx.c.obj
 .debug_frame   0x000000a4      0xc84 cmake/stm32cubemx/CMakeFiles/STM32_Drivers.dir/__/__/Drivers/STM32F4xx_HAL_Driver/Src/stm32f4xx_hal_i2c.c.obj
 .debug_frame   0x00000d28      0x1f4 cmake/stm32cubemx/CMakeFiles/STM32_Drivers.dir/__/__/Drivers/STM32F4xx_HAL_Driver/Src/stm32f4xx_hal_rcc.c.obj
 .debug_frame   0x00000f1c      0x14c cmake/stm32cubemx/CMakeFiles/STM32_Drivers.dir/__/__/Drivers/STM32F4xx_HAL_Driver/Src/stm32f4xx_hal_gpio.c.obj
 .debug_frame   0x00001068      0x250 cmake/stm32cubemx/CMakeFiles/STM32_Drivers.dir/__/__/Drivers/STM32F4xx_HAL_Driver/Src/stm32f4xx_hal_dma.c.obj
 .debug_frame   0x000012b8      0x508 cmake/stm32cubemx/CMakeFiles/STM32_Drivers.dir/__/__/Drivers/STM32F4xx_HAL_Driver/Src/stm32f4xx_hal_cortex.c.obj
 .debug_frame   0x000017c0      0x374 cmake/stm32cubemx/CMakeFiles/STM32_Drivers.dir/__/__/Drivers/STM32F4xx_HAL_Driver/Src/stm32f4xx_hal.c.obj
 .debug_frame   0x00001b34     0x11c0 cmake/stm32cubemx/CMakeFiles/STM32_Drivers.dir/__/__/Drivers/STM32F4xx_HAL_Driver/Src/stm32f4xx_hal_tim.c.obj
 .debug_frame   0x00002cf4      0x638 cmake/stm32cubemx/CMakeFiles/STM32_Drivers.dir/__/__/Drivers/STM32F4xx_HAL_Driver/Src/stm32f4xx_hal_tim_ex.c.obj
 .debug_frame   0x0000332c       0xe4 CMakeFiles/IMU_AHRS.dir/bsp/mpu6050.c.obj
 .debug_frame   0x00003410      0x1f8 CMakeFiles/IMU_AHRS.dir/bsp/OLED.c.obj
 .debug_frame   0x00003608       0xe4 CMakeFiles/IMU_AHRS.dir/bsp/QMC5883.c.obj
 .debug_frame   0x000036ec       0x94 CMakeFiles/IMU_AHRS.dir/Core/Src/main.c.obj
 .debug_frame   0x00003780       0x34 CMakeFiles/IMU_AHRS.dir/Core/Src/gpio.c.obj
 .debug_frame   0x000037b4       0x34 CMakeFiles/IMU_AHRS.dir/Core/Src/dma.c.obj
 .debug_frame   0x000037e8      0x124 CMakeFiles/IMU_AHRS.dir/Core/Src/i2c.c.obj
 .debug_frame   0x0000390c       0x7c CMakeFiles/IMU_AHRS.dir/Core/Src/tim.c.obj
 .debug_frame   0x00003988      0x158 CMakeFiles/IMU_AHRS.dir/Core/Src/stm32f4xx_it.c.obj
 .debug_frame   0x00003ae0       0x38 CMakeFiles/IMU_AHRS.dir/Core/Src/stm32f4xx_hal_msp.c.obj
 .debug_frame   0x00003b18       0x2c C:/ST/STM32CubeCLT_1.18.0/GNU-tools-for-STM32/bin/../lib/gcc/arm-none-eabi/13.3.1/thumb/v7e-m+fp/hard\libgcc.a(_aeabi_uldivmod.o)
 .debug_frame   0x00003b44       0x34 C:/ST/STM32CubeCLT_1.18.0/GNU-tools-for-STM32/bin/../lib/gcc/arm-none-eabi/13.3.1/thumb/v7e-m+fp/hard\libgcc.a(_udivmoddi4.o)

.debug_info     0x00000000     0xe81a
 .debug_info    0x00000000      0x512 cmake/stm32cubemx/CMakeFiles/STM32_Drivers.dir/__/__/Core/Src/system_stm32f4xx.c.obj
 .debug_info    0x00000512     0x2415 cmake/stm32cubemx/CMakeFiles/STM32_Drivers.dir/__/__/Drivers/STM32F4xx_HAL_Driver/Src/stm32f4xx_hal_i2c.c.obj
 .debug_info    0x00002927      0x8c3 cmake/stm32cubemx/CMakeFiles/STM32_Drivers.dir/__/__/Drivers/STM32F4xx_HAL_Driver/Src/stm32f4xx_hal_rcc.c.obj
 .debug_info    0x000031ea      0x6c3 cmake/stm32cubemx/CMakeFiles/STM32_Drivers.dir/__/__/Drivers/STM32F4xx_HAL_Driver/Src/stm32f4xx_hal_gpio.c.obj
 .debug_info    0x000038ad      0x8e7 cmake/stm32cubemx/CMakeFiles/STM32_Drivers.dir/__/__/Drivers/STM32F4xx_HAL_Driver/Src/stm32f4xx_hal_dma.c.obj
 .debug_info    0x00004194      0xd8c cmake/stm32cubemx/CMakeFiles/STM32_Drivers.dir/__/__/Drivers/STM32F4xx_HAL_Driver/Src/stm32f4xx_hal_cortex.c.obj
 .debug_info    0x00004f20      0x944 cmake/stm32cubemx/CMakeFiles/STM32_Drivers.dir/__/__/Drivers/STM32F4xx_HAL_Driver/Src/stm32f4xx_hal.c.obj
 .debug_info    0x00005864     0x299d cmake/stm32cubemx/CMakeFiles/STM32_Drivers.dir/__/__/Drivers/STM32F4xx_HAL_Driver/Src/stm32f4xx_hal_tim.c.obj
 .debug_info    0x00008201     0x14db cmake/stm32cubemx/CMakeFiles/STM32_Drivers.dir/__/__/Drivers/STM32F4xx_HAL_Driver/Src/stm32f4xx_hal_tim_ex.c.obj
 .debug_info    0x000096dc      0x89c CMakeFiles/IMU_AHRS.dir/bsp/mpu6050.c.obj
 .debug_info    0x00009f78      0xa3e CMakeFiles/IMU_AHRS.dir/bsp/OLED.c.obj
 .debug_info    0x0000a9b6      0x83e CMakeFiles/IMU_AHRS.dir/bsp/QMC5883.c.obj
 .debug_info    0x0000b1f4      0xccc CMakeFiles/IMU_AHRS.dir/Core/Src/main.c.obj
 .debug_info    0x0000bec0      0x425 CMakeFiles/IMU_AHRS.dir/Core/Src/gpio.c.obj
 .debug_info    0x0000c2e5      0x4ad CMakeFiles/IMU_AHRS.dir/Core/Src/dma.c.obj
 .debug_info    0x0000c792      0xb42 CMakeFiles/IMU_AHRS.dir/Core/Src/i2c.c.obj
 .debug_info    0x0000d2d4      0xb87 CMakeFiles/IMU_AHRS.dir/Core/Src/tim.c.obj
 .debug_info    0x0000de5b      0x726 CMakeFiles/IMU_AHRS.dir/Core/Src/stm32f4xx_it.c.obj
 .debug_info    0x0000e581      0x269 CMakeFiles/IMU_AHRS.dir/Core/Src/stm32f4xx_hal_msp.c.obj
 .debug_info    0x0000e7ea       0x30 CMakeFiles/IMU_AHRS.dir/startup_stm32f407xx.s.obj

.debug_abbrev   0x00000000     0x2697
 .debug_abbrev  0x00000000      0x11a cmake/stm32cubemx/CMakeFiles/STM32_Drivers.dir/__/__/Core/Src/system_stm32f4xx.c.obj
 .debug_abbrev  0x0000011a      0x2ad cmake/stm32cubemx/CMakeFiles/STM32_Drivers.dir/__/__/Drivers/STM32F4xx_HAL_Driver/Src/stm32f4xx_hal_i2c.c.obj
 .debug_abbrev  0x000003c7      0x2b7 cmake/stm32cubemx/CMakeFiles/STM32_Drivers.dir/__/__/Drivers/STM32F4xx_HAL_Driver/Src/stm32f4xx_hal_rcc.c.obj
 .debug_abbrev  0x0000067e      0x1d4 cmake/stm32cubemx/CMakeFiles/STM32_Drivers.dir/__/__/Drivers/STM32F4xx_HAL_Driver/Src/stm32f4xx_hal_gpio.c.obj
 .debug_abbrev  0x00000852      0x264 cmake/stm32cubemx/CMakeFiles/STM32_Drivers.dir/__/__/Drivers/STM32F4xx_HAL_Driver/Src/stm32f4xx_hal_dma.c.obj
 .debug_abbrev  0x00000ab6      0x31d cmake/stm32cubemx/CMakeFiles/STM32_Drivers.dir/__/__/Drivers/STM32F4xx_HAL_Driver/Src/stm32f4xx_hal_cortex.c.obj
 .debug_abbrev  0x00000dd3      0x214 cmake/stm32cubemx/CMakeFiles/STM32_Drivers.dir/__/__/Drivers/STM32F4xx_HAL_Driver/Src/stm32f4xx_hal.c.obj
 .debug_abbrev  0x00000fe7      0x278 cmake/stm32cubemx/CMakeFiles/STM32_Drivers.dir/__/__/Drivers/STM32F4xx_HAL_Driver/Src/stm32f4xx_hal_tim.c.obj
 .debug_abbrev  0x0000125f      0x283 cmake/stm32cubemx/CMakeFiles/STM32_Drivers.dir/__/__/Drivers/STM32F4xx_HAL_Driver/Src/stm32f4xx_hal_tim_ex.c.obj
 .debug_abbrev  0x000014e2      0x202 CMakeFiles/IMU_AHRS.dir/bsp/mpu6050.c.obj
 .debug_abbrev  0x000016e4      0x1ed CMakeFiles/IMU_AHRS.dir/bsp/OLED.c.obj
 .debug_abbrev  0x000018d1      0x1e9 CMakeFiles/IMU_AHRS.dir/bsp/QMC5883.c.obj
 .debug_abbrev  0x00001aba      0x28d CMakeFiles/IMU_AHRS.dir/Core/Src/main.c.obj
 .debug_abbrev  0x00001d47      0x152 CMakeFiles/IMU_AHRS.dir/Core/Src/gpio.c.obj
 .debug_abbrev  0x00001e99      0x10e CMakeFiles/IMU_AHRS.dir/Core/Src/dma.c.obj
 .debug_abbrev  0x00001fa7      0x269 CMakeFiles/IMU_AHRS.dir/Core/Src/i2c.c.obj
 .debug_abbrev  0x00002210      0x1f7 CMakeFiles/IMU_AHRS.dir/Core/Src/tim.c.obj
 .debug_abbrev  0x00002407      0x194 CMakeFiles/IMU_AHRS.dir/Core/Src/stm32f4xx_it.c.obj
 .debug_abbrev  0x0000259b       0xd8 CMakeFiles/IMU_AHRS.dir/Core/Src/stm32f4xx_hal_msp.c.obj
 .debug_abbrev  0x00002673       0x24 CMakeFiles/IMU_AHRS.dir/startup_stm32f407xx.s.obj

.debug_aranges  0x00000000      0xe68
 .debug_aranges
                0x00000000       0x28 cmake/stm32cubemx/CMakeFiles/STM32_Drivers.dir/__/__/Core/Src/system_stm32f4xx.c.obj
 .debug_aranges
                0x00000028      0x2a8 cmake/stm32cubemx/CMakeFiles/STM32_Drivers.dir/__/__/Drivers/STM32F4xx_HAL_Driver/Src/stm32f4xx_hal_i2c.c.obj
 .debug_aranges
                0x000002d0       0x88 cmake/stm32cubemx/CMakeFiles/STM32_Drivers.dir/__/__/Drivers/STM32F4xx_HAL_Driver/Src/stm32f4xx_hal_rcc.c.obj
 .debug_aranges
                0x00000358       0x58 cmake/stm32cubemx/CMakeFiles/STM32_Drivers.dir/__/__/Drivers/STM32F4xx_HAL_Driver/Src/stm32f4xx_hal_gpio.c.obj
 .debug_aranges
                0x000003b0       0x90 cmake/stm32cubemx/CMakeFiles/STM32_Drivers.dir/__/__/Drivers/STM32F4xx_HAL_Driver/Src/stm32f4xx_hal_dma.c.obj
 .debug_aranges
                0x00000440      0x130 cmake/stm32cubemx/CMakeFiles/STM32_Drivers.dir/__/__/Drivers/STM32F4xx_HAL_Driver/Src/stm32f4xx_hal_cortex.c.obj
 .debug_aranges
                0x00000570       0xf0 cmake/stm32cubemx/CMakeFiles/STM32_Drivers.dir/__/__/Drivers/STM32F4xx_HAL_Driver/Src/stm32f4xx_hal.c.obj
 .debug_aranges
                0x00000660      0x3d0 cmake/stm32cubemx/CMakeFiles/STM32_Drivers.dir/__/__/Drivers/STM32F4xx_HAL_Driver/Src/stm32f4xx_hal_tim.c.obj
 .debug_aranges
                0x00000a30      0x168 cmake/stm32cubemx/CMakeFiles/STM32_Drivers.dir/__/__/Drivers/STM32F4xx_HAL_Driver/Src/stm32f4xx_hal_tim_ex.c.obj
 .debug_aranges
                0x00000b98       0x48 CMakeFiles/IMU_AHRS.dir/bsp/mpu6050.c.obj
 .debug_aranges
                0x00000be0       0x80 CMakeFiles/IMU_AHRS.dir/bsp/OLED.c.obj
 .debug_aranges
                0x00000c60       0x48 CMakeFiles/IMU_AHRS.dir/bsp/QMC5883.c.obj
 .debug_aranges
                0x00000ca8       0x38 CMakeFiles/IMU_AHRS.dir/Core/Src/main.c.obj
 .debug_aranges
                0x00000ce0       0x20 CMakeFiles/IMU_AHRS.dir/Core/Src/gpio.c.obj
 .debug_aranges
                0x00000d00       0x20 CMakeFiles/IMU_AHRS.dir/Core/Src/dma.c.obj
 .debug_aranges
                0x00000d20       0x58 CMakeFiles/IMU_AHRS.dir/Core/Src/i2c.c.obj
 .debug_aranges
                0x00000d78       0x30 CMakeFiles/IMU_AHRS.dir/Core/Src/tim.c.obj
 .debug_aranges
                0x00000da8       0x78 CMakeFiles/IMU_AHRS.dir/Core/Src/stm32f4xx_it.c.obj
 .debug_aranges
                0x00000e20       0x20 CMakeFiles/IMU_AHRS.dir/Core/Src/stm32f4xx_hal_msp.c.obj
 .debug_aranges
                0x00000e40       0x28 CMakeFiles/IMU_AHRS.dir/startup_stm32f407xx.s.obj

.debug_rnglists
                0x00000000      0xb29
 .debug_rnglists
                0x00000000       0x1a cmake/stm32cubemx/CMakeFiles/STM32_Drivers.dir/__/__/Core/Src/system_stm32f4xx.c.obj
 .debug_rnglists
                0x0000001a      0x23c cmake/stm32cubemx/CMakeFiles/STM32_Drivers.dir/__/__/Drivers/STM32F4xx_HAL_Driver/Src/stm32f4xx_hal_i2c.c.obj
 .debug_rnglists
                0x00000256       0x66 cmake/stm32cubemx/CMakeFiles/STM32_Drivers.dir/__/__/Drivers/STM32F4xx_HAL_Driver/Src/stm32f4xx_hal_rcc.c.obj
 .debug_rnglists
                0x000002bc       0x3f cmake/stm32cubemx/CMakeFiles/STM32_Drivers.dir/__/__/Drivers/STM32F4xx_HAL_Driver/Src/stm32f4xx_hal_gpio.c.obj
 .debug_rnglists
                0x000002fb       0x70 cmake/stm32cubemx/CMakeFiles/STM32_Drivers.dir/__/__/Drivers/STM32F4xx_HAL_Driver/Src/stm32f4xx_hal_dma.c.obj
 .debug_rnglists
                0x0000036b       0xe0 cmake/stm32cubemx/CMakeFiles/STM32_Drivers.dir/__/__/Drivers/STM32F4xx_HAL_Driver/Src/stm32f4xx_hal_cortex.c.obj
 .debug_rnglists
                0x0000044b       0xaf cmake/stm32cubemx/CMakeFiles/STM32_Drivers.dir/__/__/Drivers/STM32F4xx_HAL_Driver/Src/stm32f4xx_hal.c.obj
 .debug_rnglists
                0x000004fa      0x31a cmake/stm32cubemx/CMakeFiles/STM32_Drivers.dir/__/__/Drivers/STM32F4xx_HAL_Driver/Src/stm32f4xx_hal_tim.c.obj
 .debug_rnglists
                0x00000814      0x125 cmake/stm32cubemx/CMakeFiles/STM32_Drivers.dir/__/__/Drivers/STM32F4xx_HAL_Driver/Src/stm32f4xx_hal_tim_ex.c.obj
 .debug_rnglists
                0x00000939       0x32 CMakeFiles/IMU_AHRS.dir/bsp/mpu6050.c.obj
 .debug_rnglists
                0x0000096b       0x5f CMakeFiles/IMU_AHRS.dir/bsp/OLED.c.obj
 .debug_rnglists
                0x000009ca       0x32 CMakeFiles/IMU_AHRS.dir/bsp/QMC5883.c.obj
 .debug_rnglists
                0x000009fc       0x27 CMakeFiles/IMU_AHRS.dir/Core/Src/main.c.obj
 .debug_rnglists
                0x00000a23       0x14 CMakeFiles/IMU_AHRS.dir/Core/Src/gpio.c.obj
 .debug_rnglists
                0x00000a37       0x13 CMakeFiles/IMU_AHRS.dir/Core/Src/dma.c.obj
 .debug_rnglists
                0x00000a4a       0x3f CMakeFiles/IMU_AHRS.dir/Core/Src/i2c.c.obj
 .debug_rnglists
                0x00000a89       0x1f CMakeFiles/IMU_AHRS.dir/Core/Src/tim.c.obj
 .debug_rnglists
                0x00000aa8       0x55 CMakeFiles/IMU_AHRS.dir/Core/Src/stm32f4xx_it.c.obj
 .debug_rnglists
                0x00000afd       0x13 CMakeFiles/IMU_AHRS.dir/Core/Src/stm32f4xx_hal_msp.c.obj
 .debug_rnglists
                0x00000b10       0x19 CMakeFiles/IMU_AHRS.dir/startup_stm32f407xx.s.obj

.debug_macro    0x00000000    0x21c6c
 .debug_macro   0x00000000      0x1de cmake/stm32cubemx/CMakeFiles/STM32_Drivers.dir/__/__/Core/Src/system_stm32f4xx.c.obj
 .debug_macro   0x000001de      0xad8 cmake/stm32cubemx/CMakeFiles/STM32_Drivers.dir/__/__/Core/Src/system_stm32f4xx.c.obj
 .debug_macro   0x00000cb6       0x2e cmake/stm32cubemx/CMakeFiles/STM32_Drivers.dir/__/__/Core/Src/system_stm32f4xx.c.obj
 .debug_macro   0x00000ce4       0x2f cmake/stm32cubemx/CMakeFiles/STM32_Drivers.dir/__/__/Core/Src/system_stm32f4xx.c.obj
 .debug_macro   0x00000d13       0x22 cmake/stm32cubemx/CMakeFiles/STM32_Drivers.dir/__/__/Core/Src/system_stm32f4xx.c.obj
 .debug_macro   0x00000d35       0x8e cmake/stm32cubemx/CMakeFiles/STM32_Drivers.dir/__/__/Core/Src/system_stm32f4xx.c.obj
 .debug_macro   0x00000dc3       0x51 cmake/stm32cubemx/CMakeFiles/STM32_Drivers.dir/__/__/Core/Src/system_stm32f4xx.c.obj
 .debug_macro   0x00000e14      0x103 cmake/stm32cubemx/CMakeFiles/STM32_Drivers.dir/__/__/Core/Src/system_stm32f4xx.c.obj
 .debug_macro   0x00000f17       0x6a cmake/stm32cubemx/CMakeFiles/STM32_Drivers.dir/__/__/Core/Src/system_stm32f4xx.c.obj
 .debug_macro   0x00000f81      0x1df cmake/stm32cubemx/CMakeFiles/STM32_Drivers.dir/__/__/Core/Src/system_stm32f4xx.c.obj
 .debug_macro   0x00001160       0x1c cmake/stm32cubemx/CMakeFiles/STM32_Drivers.dir/__/__/Core/Src/system_stm32f4xx.c.obj
 .debug_macro   0x0000117c       0x22 cmake/stm32cubemx/CMakeFiles/STM32_Drivers.dir/__/__/Core/Src/system_stm32f4xx.c.obj
 .debug_macro   0x0000119e       0xfb cmake/stm32cubemx/CMakeFiles/STM32_Drivers.dir/__/__/Core/Src/system_stm32f4xx.c.obj
 .debug_macro   0x00001299     0x1011 cmake/stm32cubemx/CMakeFiles/STM32_Drivers.dir/__/__/Core/Src/system_stm32f4xx.c.obj
 .debug_macro   0x000022aa      0x11f cmake/stm32cubemx/CMakeFiles/STM32_Drivers.dir/__/__/Core/Src/system_stm32f4xx.c.obj
 .debug_macro   0x000023c9    0x15ea5 cmake/stm32cubemx/CMakeFiles/STM32_Drivers.dir/__/__/Core/Src/system_stm32f4xx.c.obj
 .debug_macro   0x0001826e       0x6d cmake/stm32cubemx/CMakeFiles/STM32_Drivers.dir/__/__/Core/Src/system_stm32f4xx.c.obj
 .debug_macro   0x000182db      0x29b cmake/stm32cubemx/CMakeFiles/STM32_Drivers.dir/__/__/Core/Src/system_stm32f4xx.c.obj
 .debug_macro   0x00018576     0x3693 cmake/stm32cubemx/CMakeFiles/STM32_Drivers.dir/__/__/Core/Src/system_stm32f4xx.c.obj
 .debug_macro   0x0001bc09      0x190 cmake/stm32cubemx/CMakeFiles/STM32_Drivers.dir/__/__/Core/Src/system_stm32f4xx.c.obj
 .debug_macro   0x0001bd99       0x5c cmake/stm32cubemx/CMakeFiles/STM32_Drivers.dir/__/__/Core/Src/system_stm32f4xx.c.obj
 .debug_macro   0x0001bdf5      0x980 cmake/stm32cubemx/CMakeFiles/STM32_Drivers.dir/__/__/Core/Src/system_stm32f4xx.c.obj
 .debug_macro   0x0001c775      0x9e9 cmake/stm32cubemx/CMakeFiles/STM32_Drivers.dir/__/__/Core/Src/system_stm32f4xx.c.obj
 .debug_macro   0x0001d15e      0x115 cmake/stm32cubemx/CMakeFiles/STM32_Drivers.dir/__/__/Core/Src/system_stm32f4xx.c.obj
 .debug_macro   0x0001d273      0x13e cmake/stm32cubemx/CMakeFiles/STM32_Drivers.dir/__/__/Core/Src/system_stm32f4xx.c.obj
 .debug_macro   0x0001d3b1       0xa5 cmake/stm32cubemx/CMakeFiles/STM32_Drivers.dir/__/__/Core/Src/system_stm32f4xx.c.obj
 .debug_macro   0x0001d456      0x174 cmake/stm32cubemx/CMakeFiles/STM32_Drivers.dir/__/__/Core/Src/system_stm32f4xx.c.obj
 .debug_macro   0x0001d5ca      0x287 cmake/stm32cubemx/CMakeFiles/STM32_Drivers.dir/__/__/Core/Src/system_stm32f4xx.c.obj
 .debug_macro   0x0001d851       0x5f cmake/stm32cubemx/CMakeFiles/STM32_Drivers.dir/__/__/Core/Src/system_stm32f4xx.c.obj
 .debug_macro   0x0001d8b0      0x236 cmake/stm32cubemx/CMakeFiles/STM32_Drivers.dir/__/__/Core/Src/system_stm32f4xx.c.obj
 .debug_macro   0x0001dae6      0x12c cmake/stm32cubemx/CMakeFiles/STM32_Drivers.dir/__/__/Core/Src/system_stm32f4xx.c.obj
 .debug_macro   0x0001dc12      0x21e cmake/stm32cubemx/CMakeFiles/STM32_Drivers.dir/__/__/Core/Src/system_stm32f4xx.c.obj
 .debug_macro   0x0001de30       0x2e cmake/stm32cubemx/CMakeFiles/STM32_Drivers.dir/__/__/Core/Src/system_stm32f4xx.c.obj
 .debug_macro   0x0001de5e      0x1b5 cmake/stm32cubemx/CMakeFiles/STM32_Drivers.dir/__/__/Core/Src/system_stm32f4xx.c.obj
 .debug_macro   0x0001e013       0xd6 cmake/stm32cubemx/CMakeFiles/STM32_Drivers.dir/__/__/Core/Src/system_stm32f4xx.c.obj
 .debug_macro   0x0001e0e9      0x127 cmake/stm32cubemx/CMakeFiles/STM32_Drivers.dir/__/__/Core/Src/system_stm32f4xx.c.obj
 .debug_macro   0x0001e210       0x7e cmake/stm32cubemx/CMakeFiles/STM32_Drivers.dir/__/__/Core/Src/system_stm32f4xx.c.obj
 .debug_macro   0x0001e28e       0x89 cmake/stm32cubemx/CMakeFiles/STM32_Drivers.dir/__/__/Core/Src/system_stm32f4xx.c.obj
 .debug_macro   0x0001e317      0x8ed cmake/stm32cubemx/CMakeFiles/STM32_Drivers.dir/__/__/Core/Src/system_stm32f4xx.c.obj
 .debug_macro   0x0001ec04       0x4d cmake/stm32cubemx/CMakeFiles/STM32_Drivers.dir/__/__/Core/Src/system_stm32f4xx.c.obj
 .debug_macro   0x0001ec51      0x12d cmake/stm32cubemx/CMakeFiles/STM32_Drivers.dir/__/__/Core/Src/system_stm32f4xx.c.obj
 .debug_macro   0x0001ed7e      0x22c cmake/stm32cubemx/CMakeFiles/STM32_Drivers.dir/__/__/Drivers/STM32F4xx_HAL_Driver/Src/stm32f4xx_hal_i2c.c.obj
 .debug_macro   0x0001efaa      0x202 cmake/stm32cubemx/CMakeFiles/STM32_Drivers.dir/__/__/Drivers/STM32F4xx_HAL_Driver/Src/stm32f4xx_hal_rcc.c.obj
 .debug_macro   0x0001f1ac      0x1e4 cmake/stm32cubemx/CMakeFiles/STM32_Drivers.dir/__/__/Drivers/STM32F4xx_HAL_Driver/Src/stm32f4xx_hal_gpio.c.obj
 .debug_macro   0x0001f390      0x1e4 cmake/stm32cubemx/CMakeFiles/STM32_Drivers.dir/__/__/Drivers/STM32F4xx_HAL_Driver/Src/stm32f4xx_hal_dma.c.obj
 .debug_macro   0x0001f574      0x1de cmake/stm32cubemx/CMakeFiles/STM32_Drivers.dir/__/__/Drivers/STM32F4xx_HAL_Driver/Src/stm32f4xx_hal_cortex.c.obj
 .debug_macro   0x0001f752      0x23e cmake/stm32cubemx/CMakeFiles/STM32_Drivers.dir/__/__/Drivers/STM32F4xx_HAL_Driver/Src/stm32f4xx_hal.c.obj
 .debug_macro   0x0001f990      0x1df cmake/stm32cubemx/CMakeFiles/STM32_Drivers.dir/__/__/Drivers/STM32F4xx_HAL_Driver/Src/stm32f4xx_hal_tim.c.obj
 .debug_macro   0x0001fb6f      0x1de cmake/stm32cubemx/CMakeFiles/STM32_Drivers.dir/__/__/Drivers/STM32F4xx_HAL_Driver/Src/stm32f4xx_hal_tim_ex.c.obj
 .debug_macro   0x0001fd4d      0x29d CMakeFiles/IMU_AHRS.dir/bsp/mpu6050.c.obj
 .debug_macro   0x0001ffea       0x58 CMakeFiles/IMU_AHRS.dir/bsp/mpu6050.c.obj
 .debug_macro   0x00020042       0x74 CMakeFiles/IMU_AHRS.dir/bsp/mpu6050.c.obj
 .debug_macro   0x000200b6       0x2a CMakeFiles/IMU_AHRS.dir/bsp/mpu6050.c.obj
 .debug_macro   0x000200e0       0x3c CMakeFiles/IMU_AHRS.dir/bsp/mpu6050.c.obj
 .debug_macro   0x0002011c       0x34 CMakeFiles/IMU_AHRS.dir/bsp/mpu6050.c.obj
 .debug_macro   0x00020150      0x370 CMakeFiles/IMU_AHRS.dir/bsp/mpu6050.c.obj
 .debug_macro   0x000204c0       0x16 CMakeFiles/IMU_AHRS.dir/bsp/mpu6050.c.obj
 .debug_macro   0x000204d6       0x4a CMakeFiles/IMU_AHRS.dir/bsp/mpu6050.c.obj
 .debug_macro   0x00020520       0x34 CMakeFiles/IMU_AHRS.dir/bsp/mpu6050.c.obj
 .debug_macro   0x00020554       0x10 CMakeFiles/IMU_AHRS.dir/bsp/mpu6050.c.obj
 .debug_macro   0x00020564       0x58 CMakeFiles/IMU_AHRS.dir/bsp/mpu6050.c.obj
 .debug_macro   0x000205bc      0x1e5 CMakeFiles/IMU_AHRS.dir/bsp/mpu6050.c.obj
 .debug_macro   0x000207a1      0x19b CMakeFiles/IMU_AHRS.dir/bsp/mpu6050.c.obj
 .debug_macro   0x0002093c      0x211 CMakeFiles/IMU_AHRS.dir/bsp/OLED.c.obj
 .debug_macro   0x00020b4d       0x10 CMakeFiles/IMU_AHRS.dir/bsp/OLED.c.obj
 .debug_macro   0x00020b5d      0x1ed CMakeFiles/IMU_AHRS.dir/bsp/QMC5883.c.obj
 .debug_macro   0x00020d4a       0x5e CMakeFiles/IMU_AHRS.dir/bsp/QMC5883.c.obj
 .debug_macro   0x00020da8      0x24e CMakeFiles/IMU_AHRS.dir/Core/Src/main.c.obj
 .debug_macro   0x00020ff6       0x5e CMakeFiles/IMU_AHRS.dir/Core/Src/main.c.obj
 .debug_macro   0x00021054       0x64 CMakeFiles/IMU_AHRS.dir/Core/Src/main.c.obj
 .debug_macro   0x000210b8      0x1f2 CMakeFiles/IMU_AHRS.dir/Core/Src/gpio.c.obj
 .debug_macro   0x000212aa      0x1f2 CMakeFiles/IMU_AHRS.dir/Core/Src/dma.c.obj
 .debug_macro   0x0002149c      0x204 CMakeFiles/IMU_AHRS.dir/Core/Src/i2c.c.obj
 .debug_macro   0x000216a0      0x1f2 CMakeFiles/IMU_AHRS.dir/Core/Src/tim.c.obj
 .debug_macro   0x00021892      0x1f2 CMakeFiles/IMU_AHRS.dir/Core/Src/stm32f4xx_it.c.obj
 .debug_macro   0x00021a84      0x1e8 CMakeFiles/IMU_AHRS.dir/Core/Src/stm32f4xx_hal_msp.c.obj

.debug_line     0x00000000    0x113c7
 .debug_line    0x00000000      0x69b cmake/stm32cubemx/CMakeFiles/STM32_Drivers.dir/__/__/Core/Src/system_stm32f4xx.c.obj
 .debug_line    0x0000069b     0x39c4 cmake/stm32cubemx/CMakeFiles/STM32_Drivers.dir/__/__/Drivers/STM32F4xx_HAL_Driver/Src/stm32f4xx_hal_i2c.c.obj
 .debug_line    0x0000405f      0xd26 cmake/stm32cubemx/CMakeFiles/STM32_Drivers.dir/__/__/Drivers/STM32F4xx_HAL_Driver/Src/stm32f4xx_hal_rcc.c.obj
 .debug_line    0x00004d85      0xa6f cmake/stm32cubemx/CMakeFiles/STM32_Drivers.dir/__/__/Drivers/STM32F4xx_HAL_Driver/Src/stm32f4xx_hal_gpio.c.obj
 .debug_line    0x000057f4      0xe83 cmake/stm32cubemx/CMakeFiles/STM32_Drivers.dir/__/__/Drivers/STM32F4xx_HAL_Driver/Src/stm32f4xx_hal_dma.c.obj
 .debug_line    0x00006677      0xbe7 cmake/stm32cubemx/CMakeFiles/STM32_Drivers.dir/__/__/Drivers/STM32F4xx_HAL_Driver/Src/stm32f4xx_hal_cortex.c.obj
 .debug_line    0x0000725e      0x917 cmake/stm32cubemx/CMakeFiles/STM32_Drivers.dir/__/__/Drivers/STM32F4xx_HAL_Driver/Src/stm32f4xx_hal.c.obj
 .debug_line    0x00007b75     0x368c cmake/stm32cubemx/CMakeFiles/STM32_Drivers.dir/__/__/Drivers/STM32F4xx_HAL_Driver/Src/stm32f4xx_hal_tim.c.obj
 .debug_line    0x0000b201     0x1877 cmake/stm32cubemx/CMakeFiles/STM32_Drivers.dir/__/__/Drivers/STM32F4xx_HAL_Driver/Src/stm32f4xx_hal_tim_ex.c.obj
 .debug_line    0x0000ca78      0x7b5 CMakeFiles/IMU_AHRS.dir/bsp/mpu6050.c.obj
 .debug_line    0x0000d22d      0x9d8 CMakeFiles/IMU_AHRS.dir/bsp/OLED.c.obj
 .debug_line    0x0000dc05      0x6ea CMakeFiles/IMU_AHRS.dir/bsp/QMC5883.c.obj
 .debug_line    0x0000e2ef      0x7ab CMakeFiles/IMU_AHRS.dir/Core/Src/main.c.obj
 .debug_line    0x0000ea9a      0x636 CMakeFiles/IMU_AHRS.dir/Core/Src/gpio.c.obj
 .debug_line    0x0000f0d0      0x623 CMakeFiles/IMU_AHRS.dir/Core/Src/dma.c.obj
 .debug_line    0x0000f6f3      0x891 CMakeFiles/IMU_AHRS.dir/Core/Src/i2c.c.obj
 .debug_line    0x0000ff84      0x688 CMakeFiles/IMU_AHRS.dir/Core/Src/tim.c.obj
 .debug_line    0x0001060c      0x71c CMakeFiles/IMU_AHRS.dir/Core/Src/stm32f4xx_it.c.obj
 .debug_line    0x00010d28      0x625 CMakeFiles/IMU_AHRS.dir/Core/Src/stm32f4xx_hal_msp.c.obj
 .debug_line    0x0001134d       0x7a CMakeFiles/IMU_AHRS.dir/startup_stm32f407xx.s.obj

.debug_str      0x00000000    0xcb3e5
 .debug_str     0x00000000    0xcb3e5 cmake/stm32cubemx/CMakeFiles/STM32_Drivers.dir/__/__/Core/Src/system_stm32f4xx.c.obj
                              0xc3b12 (size before relaxing)
 .debug_str     0x000cb3e5    0xc4b30 cmake/stm32cubemx/CMakeFiles/STM32_Drivers.dir/__/__/Drivers/STM32F4xx_HAL_Driver/Src/stm32f4xx_hal_i2c.c.obj
 .debug_str     0x000cb3e5    0xc3f46 cmake/stm32cubemx/CMakeFiles/STM32_Drivers.dir/__/__/Drivers/STM32F4xx_HAL_Driver/Src/stm32f4xx_hal_rcc.c.obj
 .debug_str     0x000cb3e5    0xc3c8d cmake/stm32cubemx/CMakeFiles/STM32_Drivers.dir/__/__/Drivers/STM32F4xx_HAL_Driver/Src/stm32f4xx_hal_gpio.c.obj
 .debug_str     0x000cb3e5    0xc3f2c cmake/stm32cubemx/CMakeFiles/STM32_Drivers.dir/__/__/Drivers/STM32F4xx_HAL_Driver/Src/stm32f4xx_hal_dma.c.obj
 .debug_str     0x000cb3e5    0xc4412 cmake/stm32cubemx/CMakeFiles/STM32_Drivers.dir/__/__/Drivers/STM32F4xx_HAL_Driver/Src/stm32f4xx_hal_cortex.c.obj
 .debug_str     0x000cb3e5    0xc4696 cmake/stm32cubemx/CMakeFiles/STM32_Drivers.dir/__/__/Drivers/STM32F4xx_HAL_Driver/Src/stm32f4xx_hal.c.obj
 .debug_str     0x000cb3e5    0xc4e9c cmake/stm32cubemx/CMakeFiles/STM32_Drivers.dir/__/__/Drivers/STM32F4xx_HAL_Driver/Src/stm32f4xx_hal_tim.c.obj
 .debug_str     0x000cb3e5    0xc46a8 cmake/stm32cubemx/CMakeFiles/STM32_Drivers.dir/__/__/Drivers/STM32F4xx_HAL_Driver/Src/stm32f4xx_hal_tim_ex.c.obj
 .debug_str     0x000cb3e5    0xc74b0 CMakeFiles/IMU_AHRS.dir/bsp/mpu6050.c.obj
 .debug_str     0x000cb3e5    0xc4031 CMakeFiles/IMU_AHRS.dir/bsp/OLED.c.obj
 .debug_str     0x000cb3e5    0xc4165 CMakeFiles/IMU_AHRS.dir/bsp/QMC5883.c.obj
 .debug_str     0x000cb3e5    0xc4720 CMakeFiles/IMU_AHRS.dir/Core/Src/main.c.obj
 .debug_str     0x000cb3e5    0xc3b2d CMakeFiles/IMU_AHRS.dir/Core/Src/gpio.c.obj
 .debug_str     0x000cb3e5    0xc3f7f CMakeFiles/IMU_AHRS.dir/Core/Src/dma.c.obj
 .debug_str     0x000cb3e5    0xc44b1 CMakeFiles/IMU_AHRS.dir/Core/Src/i2c.c.obj
 .debug_str     0x000cb3e5    0xc45be CMakeFiles/IMU_AHRS.dir/Core/Src/tim.c.obj
 .debug_str     0x000cb3e5    0xc3fa7 CMakeFiles/IMU_AHRS.dir/Core/Src/stm32f4xx_it.c.obj
 .debug_str     0x000cb3e5    0xc3a62 CMakeFiles/IMU_AHRS.dir/Core/Src/stm32f4xx_hal_msp.c.obj
 .debug_str     0x000cb3e5       0x6e CMakeFiles/IMU_AHRS.dir/startup_stm32f407xx.s.obj

.debug_line_str
                0x00000000       0x52
 .debug_line_str
                0x00000000       0x52 CMakeFiles/IMU_AHRS.dir/startup_stm32f407xx.s.obj
